Product: MDK-ARM Standard 5.10
Component: ARM Compiler 5.04 update 1 (build 49)
Tool: armlink [5040049]

==============================================================================

Section Cross References

    stm32l1xx_it.o(i.SysTick_Handler) refers to stm32l1xx_hal.o(i.HAL_IncTick) for HAL_IncTick
    stm32l1xx_it.o(i.SysTick_Handler) refers to cmsis_os.o(i.osSystickHandler) for osSystickHandler
    stm32l1xx_it.o(i.USB_LP_IRQHandler) refers to stm32l1xx_hal_pcd.o(i.HAL_PCD_IRQHandler) for HAL_PCD_IRQHandler
    stm32l1xx_it.o(i.USB_LP_IRQHandler) refers to usbd_conf.o(.bss) for hpcd_USB_FS
    fatfs.o(i.MX_FATFS_Init) refers to ff_gen_drv.o(i.FATFS_LinkDriver) for FATFS_LinkDriver
    fatfs.o(i.MX_FATFS_Init) refers to fatfs.o(.data) for .data
    fatfs.o(i.MX_FATFS_Init) refers to user_diskio.o(.data) for USER_Driver
    user_diskio.o(i.USER_initialize) refers to stm32_adafruit_sd.o(i.BSP_SD_Init) for BSP_SD_Init
    user_diskio.o(i.USER_initialize) refers to user_diskio.o(.data) for .data
    user_diskio.o(i.USER_ioctl) refers to stm32_adafruit_sd.o(i.BSP_SD_GetCardInfo) for BSP_SD_GetCardInfo
    user_diskio.o(i.USER_ioctl) refers to user_diskio.o(.data) for .data
    user_diskio.o(i.USER_read) refers to stm32_adafruit_sd.o(i.BSP_SD_ReadBlocks) for BSP_SD_ReadBlocks
    user_diskio.o(i.USER_status) refers to stm32_adafruit_sd.o(i.BSP_SD_GetStatus) for BSP_SD_GetStatus
    user_diskio.o(i.USER_status) refers to user_diskio.o(.data) for .data
    user_diskio.o(i.USER_write) refers to stm32_adafruit_sd.o(i.BSP_SD_WriteBlocks) for BSP_SD_WriteBlocks
    user_diskio.o(.data) refers to user_diskio.o(i.USER_initialize) for USER_initialize
    user_diskio.o(.data) refers to user_diskio.o(i.USER_status) for USER_status
    user_diskio.o(.data) refers to user_diskio.o(i.USER_read) for USER_read
    user_diskio.o(.data) refers to user_diskio.o(i.USER_write) for USER_write
    user_diskio.o(.data) refers to user_diskio.o(i.USER_ioctl) for USER_ioctl
    main.o(i.MX_ADC_Init) refers to stm32l1xx_hal_adc.o(i.HAL_ADC_Init) for HAL_ADC_Init
    main.o(i.MX_ADC_Init) refers to stm32l1xx_hal_adc.o(i.HAL_ADC_ConfigChannel) for HAL_ADC_ConfigChannel
    main.o(i.MX_ADC_Init) refers to main.o(.bss) for .bss
    main.o(i.MX_TIM2_Init) refers to stm32l1xx_hal_tim.o(i.HAL_TIM_OC_Init) for HAL_TIM_OC_Init
    main.o(i.MX_TIM2_Init) refers to stm32l1xx_hal_tim_ex.o(i.HAL_TIMEx_MasterConfigSynchronization) for HAL_TIMEx_MasterConfigSynchronization
    main.o(i.MX_TIM2_Init) refers to stm32l1xx_hal_tim.o(i.HAL_TIM_OC_ConfigChannel) for HAL_TIM_OC_ConfigChannel
    main.o(i.MX_TIM2_Init) refers to stm32l1xx_hal_msp.o(i.HAL_TIM_MspPostInit) for HAL_TIM_MspPostInit
    main.o(i.MX_TIM2_Init) refers to main.o(.bss) for .bss
    main.o(i.My_Fs_Init) refers to malloc.o(i.malloc) for malloc
    main.o(i.My_Fs_Init) refers to fatfs.o(i.MX_FATFS_Init) for MX_FATFS_Init
    main.o(i.My_Fs_Init) refers to ff.o(i.f_mount) for f_mount
    main.o(i.My_Fs_Init) refers to printf1.o(i.__0printf$1) for __2printf
    main.o(i.My_Fs_Init) refers to main.o(i.open_append) for open_append
    main.o(i.My_Fs_Init) refers to ff.o(i.f_printf) for f_printf
    main.o(i.My_Fs_Init) refers to ff.o(i.f_close) for f_close
    main.o(i.My_Fs_Init) refers to main.o(.data) for .data
    main.o(i.My_Fs_Init) refers to main.o(.bss) for .bss
    main.o(i.StartDefaultTask) refers to cmsis_os.o(i.osDelay) for osDelay
    main.o(i.SystemClock_Config) refers to stm32l1xx_hal_rcc.o(i.HAL_RCC_OscConfig) for HAL_RCC_OscConfig
    main.o(i.SystemClock_Config) refers to stm32l1xx_hal_rcc.o(i.HAL_RCC_ClockConfig) for HAL_RCC_ClockConfig
    main.o(i.SystemClock_Config) refers to stm32l1xx_hal_rcc_ex.o(i.HAL_RCCEx_PeriphCLKConfig) for HAL_RCCEx_PeriphCLKConfig
    main.o(i.SystemClock_Config) refers to stm32l1xx_hal_rcc.o(i.HAL_RCC_GetHCLKFreq) for HAL_RCC_GetHCLKFreq
    main.o(i.SystemClock_Config) refers to stm32l1xx_hal_cortex.o(i.HAL_SYSTICK_Config) for HAL_SYSTICK_Config
    main.o(i.SystemClock_Config) refers to stm32l1xx_hal_cortex.o(i.HAL_SYSTICK_CLKSourceConfig) for HAL_SYSTICK_CLKSourceConfig
    main.o(i.SystemClock_Config) refers to stm32l1xx_hal_cortex.o(i.HAL_NVIC_SetPriority) for HAL_NVIC_SetPriority
    main.o(i.fputc) refers to stm32l1xx_hal_uart.o(i.HAL_UART_Transmit) for HAL_UART_Transmit
    main.o(i.fputc) refers to main.o(.bss) for .bss
    main.o(i.main) refers to stm32l1xx_hal.o(i.HAL_Init) for HAL_Init
    main.o(i.main) refers to main.o(i.SystemClock_Config) for SystemClock_Config
    main.o(i.main) refers to stm32l1xx_hal_uart.o(i.HAL_UART_Init) for HAL_UART_Init
    main.o(i.main) refers to main.o(i.MX_ADC_Init) for MX_ADC_Init
    main.o(i.main) refers to main.o(i.MX_TIM2_Init) for MX_TIM2_Init
    main.o(i.main) refers to stm32l1xx_hal_rtc.o(i.HAL_RTC_Init) for HAL_RTC_Init
    main.o(i.main) refers to printf1.o(i.__0printf$1) for __2printf
    main.o(i.main) refers to main.o(i.My_Fs_Init) for My_Fs_Init
[...]
    i.MX_FATFS_Init                          0x080028bc   Section        0  fatfs.o(i.MX_FATFS_Init)
    i.MX_TIM2_Init                           0x080028d8   Section        0  main.o(i.MX_TIM2_Init)
    MX_TIM2_Init                             0x080028d9   Thumb Code    84  main.o(i.MX_TIM2_Init)
    i.MemManage_Handler                      0x08002930   Section        0  stm32l1xx_it.o(i.MemManage_Handler)
    i.My_Fs_Init                             0x08002934   Section        0  main.o(i.My_Fs_Init)
    i.NMI_Handler                            0x080029f4   Section        0  stm32l1xx_it.o(i.NMI_Handler)
    i.NVIC_SetPriority                       0x080029f6   Section        0  stm32l1xx_hal_cortex.o(i.NVIC_SetPriority)
    NVIC_SetPriority                         0x080029f7   Thumb Code    32  stm32l1xx_hal_cortex.o(i.NVIC_SetPriority)
    i.PCD_EP_ISR_Handler                     0x08002a16   Section        0  stm32l1xx_hal_pcd.o(i.PCD_EP_ISR_Handler)
    PCD_EP_ISR_Handler                       0x08002a17   Thumb Code   874  stm32l1xx_hal_pcd.o(i.PCD_EP_ISR_Handler)
    i.PCD_ReadPMA                            0x08002d80   Section        0  stm32l1xx_hal_pcd.o(i.PCD_ReadPMA)
    PCD_ReadPMA                              0x08002d81   Thumb Code    30  stm32l1xx_hal_pcd.o(i.PCD_ReadPMA)
    i.PCD_WritePMA                           0x08002d9e   Section        0  stm32l1xx_hal_pcd.o(i.PCD_WritePMA)
    PCD_WritePMA                             0x08002d9f   Thumb Code    38  stm32l1xx_hal_pcd.o(i.PCD_WritePMA)
    i.RCC_SetFlashLatencyFromMSIRange        0x08002dc4   Section        0  stm32l1xx_hal_rcc.o(i.RCC_SetFlashLatencyFromMSIRange)
    RCC_SetFlashLatencyFromMSIRange          0x08002dc5   Thumb Code   112  stm32l1xx_hal_rcc.o(i.RCC_SetFlashLatencyFromMSIRange)
    i.RTC_EnterInitMode                      0x08002e3c   Section        0  stm32l1xx_hal_rtc.o(i.RTC_EnterInitMode)
    i.SD_GetCIDRegister                      0x08002e76   Section        0  stm32_adafruit_sd.o(i.SD_GetCIDRegister)
    SD_GetCIDRegister                        0x08002e77   Thumb Code   250  stm32_adafruit_sd.o(i.SD_GetCIDRegister)
    i.SD_GetCSDRegister                      0x08002f70   Section        0  stm32_adafruit_sd.o(i.SD_GetCSDRegister)
    SD_GetCSDRegister                        0x08002f71   Thumb Code   494  stm32_adafruit_sd.o(i.SD_GetCSDRegister)
    i.SD_GoIdleState                         0x08003164   Section        0  stm32_adafruit_sd.o(i.SD_GoIdleState)
    SD_GoIdleState                           0x08003165   Thumb Code   366  stm32_adafruit_sd.o(i.SD_GoIdleState)
    i.SD_IO_CSState                          0x080032d8   Section        0  stm32l1xx_nucleo.o(i.SD_IO_CSState)
    i.SD_IO_Init                             0x080032f0   Section        0  stm32l1xx_nucleo.o(i.SD_IO_Init)
    i.SD_IO_WriteByte                        0x08003350   Section        0  stm32l1xx_nucleo.o(i.SD_IO_WriteByte)
    i.SD_IO_WriteReadData                    0x08003364   Section        0  stm32l1xx_nucleo.o(i.SD_IO_WriteReadData)
    i.SD_ReadData                            0x08003368   Section        0  stm32_adafruit_sd.o(i.SD_ReadData)
    SD_ReadData                              0x08003369   Thumb Code    24  stm32_adafruit_sd.o(i.SD_ReadData)
    i.SD_SendCmd                             0x08003380   Section        0  stm32_adafruit_sd.o(i.SD_SendCmd)
    SD_SendCmd                               0x08003381   Thumb Code   216  stm32_adafruit_sd.o(i.SD_SendCmd)
    i.SD_WaitData                            0x0800345c   Section        0  stm32_adafruit_sd.o(i.SD_WaitData)
    SD_WaitData                              0x0800345d   Thumb Code    38  stm32_adafruit_sd.o(i.SD_WaitData)
    i.SPI_WaitOnFlagUntilTimeout             0x08003482   Section        0  stm32l1xx_hal_spi.o(i.SPI_WaitOnFlagUntilTimeout)
    SPI_WaitOnFlagUntilTimeout               0x08003483   Thumb Code   158  stm32l1xx_hal_spi.o(i.SPI_WaitOnFlagUntilTimeout)
    i.SPIx_Error                             0x08003520   Section        0  stm32l1xx_nucleo.o(i.SPIx_Error)
    SPIx_Error                               0x08003521   Thumb Code    16  stm32l1xx_nucleo.o(i.SPIx_Error)
    i.SPIx_Init                              0x08003534   Section        0  stm32l1xx_nucleo.o(i.SPIx_Init)
    SPIx_Init                                0x08003535   Thumb Code    70  stm32l1xx_nucleo.o(i.SPIx_Init)
    i.SPIx_MspInit                           0x08003584   Section        0  stm32l1xx_nucleo.o(i.SPIx_MspInit)
    SPIx_MspInit                             0x08003585   Thumb Code   128  stm32l1xx_nucleo.o(i.SPIx_MspInit)
    i.SPIx_WriteReadData                     0x0800360c   Section        0  stm32l1xx_nucleo.o(i.SPIx_WriteReadData)
    SPIx_WriteReadData                       0x0800360d   Thumb Code    34  stm32l1xx_nucleo.o(i.SPIx_WriteReadData)
    i.StartDefaultTask                       0x08003638   Section        0  main.o(i.StartDefaultTask)
    i.SysTick_Handler                        0x08003640   Section        0  stm32l1xx_it.o(i.SysTick_Handler)
    i.SystemClock_Config                     0x08003650   Section        0  main.o(i.SystemClock_Config)
    i.SystemInit                             0x080036e0   Section        0  system_stm32l1xx.o(i.SystemInit)
    i.TIM_Base_SetConfig                     0x08003730   Section        0  stm32l1xx_hal_tim.o(i.TIM_Base_SetConfig)
    TIM_Base_SetConfig                       0x08003731   Thumb Code    86  stm32l1xx_hal_tim.o(i.TIM_Base_SetConfig)
    i.TIM_OC1_SetConfig                      0x0800379c   Section        0  stm32l1xx_hal_tim.o(i.TIM_OC1_SetConfig)
    TIM_OC1_SetConfig                        0x0800379d   Thumb Code    44  stm32l1xx_hal_tim.o(i.TIM_OC1_SetConfig)
    i.TIM_OC2_SetConfig                      0x080037c8   Section        0  stm32l1xx_hal_tim.o(i.TIM_OC2_SetConfig)
    TIM_OC2_SetConfig                        0x080037c9   Thumb Code    48  stm32l1xx_hal_tim.o(i.TIM_OC2_SetConfig)
    i.TIM_OC3_SetConfig                      0x080037f8   Section        0  stm32l1xx_hal_tim.o(i.TIM_OC3_SetConfig)
    TIM_OC3_SetConfig                        0x080037f9   Thumb Code    46  stm32l1xx_hal_tim.o(i.TIM_OC3_SetConfig)
    i.TIM_OC4_SetConfig                      0x08003826   Section        0  stm32l1xx_hal_tim.o(i.TIM_OC4_SetConfig)
    TIM_OC4_SetConfig                        0x08003827   Thumb Code    48  stm32l1xx_hal_tim.o(i.TIM_OC4_SetConfig)
    i.UART_SetConfig                         0x08003858   Section        0  stm32l1xx_hal_uart.o(i.UART_SetConfig)
    UART_SetConfig                           0x08003859   Thumb Code   666  stm32l1xx_hal_uart.o(i.UART_SetConfig)
    i.UART_WaitOnFlagUntilTimeout            0x08003af8   Section        0  stm32l1xx_hal_uart.o(i.UART_WaitOnFlagUntilTimeout)
    UART_WaitOnFlagUntilTimeout              0x08003af9   Thumb Code   146  stm32l1xx_hal_uart.o(i.UART_WaitOnFlagUntilTimeout)
    i.USBD_ClrClassConfig                    0x08003b8a   Section        0  usbd_core.o(i.USBD_ClrClassConfig)
    i.USBD_CtlContinueRx                     0x08003b98   Section        0  usbd_ioreq.o(i.USBD_CtlContinueRx)
    i.USBD_CtlContinueSendData               0x08003ba8   Section        0  usbd_ioreq.o(i.USBD_CtlContinueSendData)
    i.USBD_CtlError                          0x08003bb8   Section        0  usbd_ctlreq.o(i.USBD_CtlError)
    i.USBD_CtlReceiveStatus                  0x08003bce   Section        0  usbd_ioreq.o(i.USBD_CtlReceiveStatus)
    i.USBD_CtlSendData                       0x08003be4   Section        0  usbd_ioreq.o(i.USBD_CtlSendData)
    i.USBD_CtlSendStatus                     0x08003bfe   Section        0  usbd_ioreq.o(i.USBD_CtlSendStatus)
    i.USBD_GetDescriptor                     0x08003c14   Section        0  usbd_ctlreq.o(i.USBD_GetDescriptor)
    USBD_GetDescriptor                       0x08003c15   Thumb Code   224  usbd_ctlreq.o(i.USBD_GetDescriptor)
    i.USBD_LL_ClearStallEP                   0x08003cf4   Section        0  usbd_conf.o(i.USBD_LL_ClearStallEP)
    i.USBD_LL_DataInStage                    0x08003d14   Section        0  usbd_core.o(i.USBD_LL_DataInStage)
    i.USBD_LL_DataOutStage                   0x08003dbe   Section        0  usbd_core.o(i.USBD_LL_DataOutStage)
    i.USBD_LL_IsStallEP                      0x08003e28   Section        0  usbd_conf.o(i.USBD_LL_IsStallEP)
    i.USBD_LL_OpenEP                         0x08003e48   Section        0  usbd_conf.o(i.USBD_LL_OpenEP)
    i.USBD_LL_PrepareReceive                 0x08003e6e   Section        0  usbd_conf.o(i.USBD_LL_PrepareReceive)
    i.USBD_LL_Reset                          0x08003e8e   Section        0  usbd_core.o(i.USBD_LL_Reset)
    i.USBD_LL_Resume                         0x08003ecc   Section        0  usbd_core.o(i.USBD_LL_Resume)
    i.USBD_LL_SOF                            0x08003ed8   Section        0  usbd_core.o(i.USBD_LL_SOF)
    i.USBD_LL_SetSpeed                       0x08003ef0   Section        0  usbd_core.o(i.USBD_LL_SetSpeed)
    i.USBD_LL_SetUSBAddress                  0x08003ef6   Section        0  usbd_conf.o(i.USBD_LL_SetUSBAddress)
    i.USBD_LL_SetupStage                     0x08003f16   Section        0  usbd_core.o(i.USBD_LL_SetupStage)
    i.USBD_LL_StallEP                        0x08003f70   Section        0  usbd_conf.o(i.USBD_LL_StallEP)
    i.USBD_LL_Suspend                        0x08003f90   Section        0  usbd_core.o(i.USBD_LL_Suspend)
    i.USBD_LL_Transmit                       0x08003fa2   Section        0  usbd_conf.o(i.USBD_LL_Transmit)
    i.USBD_ParseSetupRequest                 0x08003fc2   Section        0  usbd_ctlreq.o(i.USBD_ParseSetupRequest)
    i.USBD_SetClassConfig                    0x08003fea   Section        0  usbd_core.o(i.USBD_SetClassConfig)
    i.USBD_SetConfig                         0x08004000   Section        0  usbd_ctlreq.o(i.USBD_SetConfig)
    USBD_SetConfig                           0x08004001   Thumb Code   110  usbd_ctlreq.o(i.USBD_SetConfig)
    i.USBD_StdDevReq                         0x08004074   Section        0  usbd_ctlreq.o(i.USBD_StdDevReq)
    i.USBD_StdEPReq                          0x08004166   Section        0  usbd_ctlreq.o(i.USBD_StdEPReq)
    i.USBD_StdItfReq                         0x08004242   Section        0  usbd_ctlreq.o(i.USBD_StdItfReq)
    i.USB_LP_IRQHandler                      0x08004278   Section        0  stm32l1xx_it.o(i.USB_LP_IRQHandler)
    i.USER_initialize                        0x08004284   Section        0  user_diskio.o(i.USER_initialize)
    i.USER_ioctl                             0x080042a4   Section        0  user_diskio.o(i.USER_ioctl)
    i.USER_read                              0x080042f8   Section        0  user_diskio.o(i.USER_read)
    i.USER_status                            0x08004310   Section        0  user_diskio.o(i.USER_status)
    i.USER_write                             0x08004330   Section        0  user_diskio.o(i.USER_write)
    i.UsageFault_Handler                     0x08004348   Section        0  stm32l1xx_it.o(i.UsageFault_Handler)
    i.__0printf$1                            0x0800434c   Section        0  printf1.o(i.__0printf$1)
    i.__scatterload_copy                     0x0800436c   Section       14  handlers.o(i.__scatterload_copy)
    i.__scatterload_null                     0x0800437a   Section        2  handlers.o(i.__scatterload_null)
    i.__scatterload_zeroinit                 0x0800437c   Section       14  handlers.o(i.__scatterload_zeroinit)
    i._printf_core                           0x0800438c   Section        0  printf1.o(i._printf_core)
    _printf_core                             0x0800438d   Thumb Code   336  printf1.o(i._printf_core)
    i.check_fs                               0x080044e0   Section        0  ff.o(i.check_fs)
    check_fs                                 0x080044e1   Thumb Code    90  ff.o(i.check_fs)
    i.chk_lock                               0x08004540   Section        0  ff.o(i.chk_lock)
    chk_lock                                 0x08004541   Thumb Code   102  ff.o(i.chk_lock)
    i.clear_lock                             0x080045ac   Section        0  ff.o(i.clear_lock)
    clear_lock                               0x080045ad   Thumb Code    32  ff.o(i.clear_lock)
    i.clmt_clust                             0x080045d0   Section        0  ff.o(i.clmt_clust)
    clmt_clust                               0x080045d1   Thumb Code    42  ff.o(i.clmt_clust)
    i.clust2sect                             0x080045fa   Section        0  ff.o(i.clust2sect)
    i.create_chain                           0x08004618   Section        0  ff.o(i.create_chain)
    create_chain                             0x08004619   Thumb Code   176  ff.o(i.create_chain)
    i.create_name                            0x080046c8   Section        0  ff.o(i.create_name)
    create_name                              0x080046c9   Thumb Code   234  ff.o(i.create_name)
    i.dec_lock                               0x080047c8   Section        0  ff.o(i.dec_lock)
    dec_lock                                 0x080047c9   Thumb Code    54  ff.o(i.dec_lock)
    i.dir_next                               0x08004804   Section        0  ff.o(i.dir_next)
    dir_next                                 0x08004805   Thumb Code   286  ff.o(i.dir_next)
    i.dir_register                           0x08004922   Section        0  ff.o(i.dir_register)
    dir_register                             0x08004923   Thumb Code   118  ff.o(i.dir_register)
    i.dir_sdi                                0x08004998   Section        0  ff.o(i.dir_sdi)
    dir_sdi                                  0x08004999   Thumb Code   152  ff.o(i.dir_sdi)
    i.disk_initialize                        0x08004a30   Section        0  diskio.o(i.disk_initialize)
    i.disk_ioctl                             0x08004a58   Section        0  diskio.o(i.disk_ioctl)
    i.disk_read                              0x08004a74   Section        0  diskio.o(i.disk_read)
    i.disk_status                            0x08004a90   Section        0  diskio.o(i.disk_status)
    i.disk_write                             0x08004aa8   Section        0  diskio.o(i.disk_write)
    i.f_close                                0x08004ac4   Section        0  ff.o(i.f_close)
    i.f_lseek                                0x08004af0   Section        0  ff.o(i.f_lseek)
    i.f_mount                                0x08004d74   Section        0  ff.o(i.f_mount)
    i.f_open                                 0x08004dd0   Section        0  ff.o(i.f_open)
    i.f_printf                               0x08004f70   Section        0  ff.o(i.f_printf)
    i.f_sync                                 0x08005158   Section        0  ff.o(i.f_sync)
    i.f_write                                0x08005210   Section        0  ff.o(i.f_write)
    i.find_volume                            0x080053e8   Section        0  ff.o(i.find_volume)
    find_volume                              0x080053e9   Thumb Code   588  ff.o(i.find_volume)
    i.follow_path                            0x08005640   Section        0  ff.o(i.follow_path)
    follow_path                              0x08005641   Thumb Code   192  ff.o(i.follow_path)
    i.fputc                                  0x08005700   Section        0  main.o(i.fputc)
    i.free                                   0x08005718   Section        0  malloc.o(i.free)
    i.get_fat                                0x08005768   Section        0  ff.o(i.get_fat)
    i.get_fattime                            0x0800582a   Section        0  fatfs.o(i.get_fattime)
    i.get_ldnumber                           0x0800582e   Section        0  ff.o(i.get_ldnumber)
    get_ldnumber                             0x0800582f   Thumb Code    60  ff.o(i.get_ldnumber)
    i.inc_lock                               0x0800586c   Section        0  ff.o(i.inc_lock)
    inc_lock                                 0x0800586d   Thumb Code   154  ff.o(i.inc_lock)
    i.ld_clust                               0x0800590c   Section        0  ff.o(i.ld_clust)
    ld_clust                                 0x0800590d   Thumb Code    20  ff.o(i.ld_clust)
    i.main                                   0x08005920   Section        0  main.o(i.main)
    i.makeFreeRtosPriority                   0x08005a0c   Section        0  cmsis_os.o(i.makeFreeRtosPriority)
    makeFreeRtosPriority                     0x08005a0d   Thumb Code    12  cmsis_os.o(i.makeFreeRtosPriority)
    i.malloc                                 0x08005a18   Section        0  malloc.o(i.malloc)
    i.mem_cpy                                0x08005a84   Section        0  ff.o(i.mem_cpy)
    mem_cpy                                  0x08005a85   Thumb Code    18  ff.o(i.mem_cpy)
    i.mem_set                                0x08005a96   Section        0  ff.o(i.mem_set)
    mem_set                                  0x08005a97   Thumb Code    14  ff.o(i.mem_set)
    i.move_window                            0x08005aa4   Section        0  ff.o(i.move_window)
    move_window                              0x08005aa5   Thumb Code    54  ff.o(i.move_window)
    i.open_append                            0x08005ada   Section        0  main.o(i.open_append)
    i.osDelay                                0x08005b00   Section        0  cmsis_os.o(i.osDelay)
    i.osKernelStart                          0x08005b0e   Section        0  cmsis_os.o(i.osKernelStart)
    i.osSystickHandler                       0x08005b18   Section        0  cmsis_os.o(i.osSystickHandler)
    i.osThreadCreate                         0x08005b2c   Section        0  cmsis_os.o(i.osThreadCreate)
    i.prvAddCurrentTaskToDelayedList         0x08005b64   Section        0  tasks.o(i.prvAddCurrentTaskToDelayedList)
    prvAddCurrentTaskToDelayedList           0x08005b65   Thumb Code    48  tasks.o(i.prvAddCurrentTaskToDelayedList)
    i.prvCheckTasksWaitingTermination        0x08005b98   Section        0  tasks.o(i.prvCheckTasksWaitingTermination)
    prvCheckTasksWaitingTermination          0x08005b99   Thumb Code    76  tasks.o(i.prvCheckTasksWaitingTermination)
    i.prvHeapInit                            0x08005bec   Section        0  heap_4.o(i.prvHeapInit)
    prvHeapInit                              0x08005bed   Thumb Code    66  heap_4.o(i.prvHeapInit)
    i.prvIdleTask                            0x08005c38   Section        0  tasks.o(i.prvIdleTask)
    prvIdleTask                              0x08005c39   Thumb Code    20  tasks.o(i.prvIdleTask)
    i.prvInsertBlockIntoFreeList             0x08005c50   Section        0  heap_4.o(i.prvInsertBlockIntoFreeList)
    prvInsertBlockIntoFreeList               0x08005c51   Thumb Code    72  heap_4.o(i.prvInsertBlockIntoFreeList)
    i.prvResetNextTaskUnblockTime            0x08005c9c   Section        0  tasks.o(i.prvResetNextTaskUnblockTime)
    prvResetNextTaskUnblockTime              0x08005c9d   Thumb Code    26  tasks.o(i.prvResetNextTaskUnblockTime)
    i.prvTaskExitError                       0x08005cbc   Section        0  port.o(i.prvTaskExitError)
    prvTaskExitError                         0x08005cbd   Thumb Code    20  port.o(i.prvTaskExitError)
    i.put_fat                                0x08005cd4   Section        0  ff.o(i.put_fat)
    i.putc_bfd                               0x08005dcc   Section        0  ff.o(i.putc_bfd)
    putc_bfd                                 0x08005dcd   Thumb Code    70  ff.o(i.putc_bfd)
    i.pvPortMalloc                           0x08005e14   Section        0  heap_4.o(i.pvPortMalloc)
    i.pxPortInitialiseStack                  0x08005ed0   Section        0  port.o(i.pxPortInitialiseStack)
    i.remove_chain                           0x08005ef0   Section        0  ff.o(i.remove_chain)
    remove_chain                             0x08005ef1   Thumb Code   110  ff.o(i.remove_chain)
    i.st_clust                               0x08005f5e   Section        0  ff.o(i.st_clust)
    st_clust                                 0x08005f5f   Thumb Code    16  ff.o(i.st_clust)
    i.sync_fs                                0x08005f6e   Section        0  ff.o(i.sync_fs)
    sync_fs                                  0x08005f6f   Thumb Code   182  ff.o(i.sync_fs)
    i.sync_window                            0x08006024   Section        0  ff.o(i.sync_window)
    sync_window                              0x08006025   Thumb Code    96  ff.o(i.sync_window)
    i.uxListRemove                           0x08006084   Section        0  list.o(i.uxListRemove)
    i.vListInitialise                        0x080060a8   Section        0  list.o(i.vListInitialise)
    i.vListInitialiseItem                    0x080060be   Section        0  list.o(i.vListInitialiseItem)
    i.vListInsert                            0x080060c4   Section        0  list.o(i.vListInsert)
    i.vListInsertEnd                         0x080060f4   Section        0  list.o(i.vListInsertEnd)
    i.vPortEnterCritical                     0x0800610c   Section        0  port.o(i.vPortEnterCritical)
    i.vPortExitCritical                      0x08006140   Section        0  port.o(i.vPortExitCritical)
    i.vPortFree                              0x08006164   Section        0  heap_4.o(i.vPortFree)
    i.vPortSetupTimerInterrupt               0x080061ac   Section        0  port.o(i.vPortSetupTimerInterrupt)
    i.vPortYield                             0x080061cc   Section        0  port.o(i.vPortYield)
    i.vTaskDelay                             0x080061e4   Section        0  tasks.o(i.vTaskDelay)
    i.vTaskStartScheduler                    0x08006234   Section        0  tasks.o(i.vTaskStartScheduler)
    i.vTaskSuspendAll                        0x08006288   Section        0  tasks.o(i.vTaskSuspendAll)
    i.vTaskSwitchContext                     0x08006298   Section        0  tasks.o(i.vTaskSwitchContext)
    i.validate                               0x080062ec   Section        0  ff.o(i.validate)
    validate                                 0x080062ed   Thumb Code    44  ff.o(i.validate)
    i.xPortStartScheduler                    0x08006318   Section        0  port.o(i.xPortStartScheduler)
    i.xPortSysTickHandler                    0x0800638c   Section        0  port.o(i.xPortSysTickHandler)
    i.xTaskGenericCreate                     0x080063b0   Section        0  tasks.o(i.xTaskGenericCreate)
    i.xTaskGetSchedulerState                 0x0800653c   Section        0  tasks.o(i.xTaskGetSchedulerState)
    i.xTaskIncrementTick                     0x08006558   Section        0  tasks.o(i.xTaskIncrementTick)
    i.xTaskResumeAll                         0x08006618   Section        0  tasks.o(i.xTaskResumeAll)
    .constdata                               0x080066c4   Section       20  main.o(.constdata)
    .constdata                               0x080066d8   Section       25  system_stm32l1xx.o(.constdata)
    .constdata                               0x080066f1   Section        8  system_stm32l1xx.o(.constdata)
    .constdata                               0x080066fa   Section      172  ff.o(.constdata)
    ExCvt                                    0x080066fa   Data         128  ff.o(.constdata)
    vst                                      0x0800677a   Data          22  ff.o(.constdata)
    cst                                      0x08006790   Data          22  ff.o(.constdata)
    .constdata                               0x080067a8   Section        5  stm32_adafruit_sd.o(.constdata)
    .conststring                             0x080067b0   Section       12  main.o(.conststring)
    .data                                    0x20000000   Section        5  fatfs.o(.data)
    .data                                    0x20000005   Section        1  user_diskio.o(.data)
    Stat                                     0x20000005   Data           1  user_diskio.o(.data)
    .data                                    0x20000008   Section       20  user_diskio.o(.data)
    .data                                    0x2000001c   Section        8  main.o(.data)
    SD_FatFs                                 0x2000001c   Data           4  main.o(.data)
    .data                                    0x20000024   Section       12  port.o(.data)
    ucMaxSysCallPriority                     0x20000024   Data           1  port.o(.data)
    uxCriticalNesting                        0x20000028   Data           4  port.o(.data)
    ulMaxPRIGROUPValue                       0x2000002c   Data           4  port.o(.data)
    .data                                    0x20000030   Section       56  tasks.o(.data)
    uxTasksDeleted                           0x20000034   Data           4  tasks.o(.data)
    uxCurrentNumberOfTasks                   0x20000038   Data           4  tasks.o(.data)
    xTickCount                               0x2000003c   Data           4  tasks.o(.data)
    uxTopReadyPriority                       0x20000040   Data           4  tasks.o(.data)
    xSchedulerRunning                        0x20000044   Data           4  tasks.o(.data)
    uxPendedTicks                            0x20000048   Data           4  tasks.o(.data)
    xYieldPending                            0x2000004c   Data           4  tasks.o(.data)
    xNumOfOverflows                          0x20000050   Data           4  tasks.o(.data)
    uxTaskNumber                             0x20000054   Data           4  tasks.o(.data)
    xNextTaskUnblockTime                     0x20000058   Data           4  tasks.o(.data)
    uxSchedulerSuspended                     0x2000005c   Data           4  tasks.o(.data)
    pxDelayedTaskList                        0x20000060   Data           4  tasks.o(.data)
    pxOverflowDelayedTaskList                0x20000064   Data           4  tasks.o(.data)
    .data                                    0x20000068   Section       24  heap_4.o(.data)
    pxEnd                                    0x20000068   Data           4  heap_4.o(.data)
    xFreeBytesRemaining                      0x2000006c   Data           4  heap_4.o(.data)
    xMinimumEverFreeBytesRemaining           0x20000070   Data           4  heap_4.o(.data)
    xBlockAllocatedBit                       0x20000074   Data           4  heap_4.o(.data)
    xStart                                   0x20000078   Data           8  heap_4.o(.data)
    .data                                    0x20000080   Section        4  system_stm32l1xx.o(.data)
    .data                                    0x20000084   Section        4  stm32l1xx_hal.o(.data)
    .data                                    0x20000088   Section        8  ff.o(.data)
    Fsid                                     0x20000088   Data           2  ff.o(.data)
    FatFs                                    0x2000008c   Data           4  ff.o(.data)
    .data                                    0x20000090   Section        1  usbd_ctlreq.o(.data)
    cfgidx                                   0x20000090   Data           1  usbd_ctlreq.o(.data)
    .data                                    0x20000092   Section        4  stm32_adafruit_sd.o(.data)
    .data                                    0x20000098   Section        8  stm32l1xx_nucleo.o(.data)
    .data                                    0x200000a0   Section        4  stdout.o(.data)
    .data                                    0x200000a4   Section        4  mvars.o(.data)
    .data                                    0x200000a8   Section        4  mvars.o(.data)
    .bss                                     0x200000ac   Section      336  main.o(.bss)
    .bss                                     0x200001fc   Section     1168  usbd_conf.o(.bss)
    mem                                      0x200001fc   Data         624  usbd_conf.o(.bss)
    .bss                                     0x2000068c   Section      240  tasks.o(.bss)
    pxReadyTasksLists                        0x2000068c   Data         140  tasks.o(.bss)
    xDelayedTaskList1                        0x20000718   Data          20  tasks.o(.bss)
    xDelayedTaskList2                        0x2000072c   Data          20  tasks.o(.bss)
    xPendingReadyList                        0x20000740   Data          20  tasks.o(.bss)
    xTasksWaitingTermination                 0x20000754   Data          20  tasks.o(.bss)
    xSuspendedTaskList                       0x20000768   Data          20  tasks.o(.bss)
    .bss                                     0x2000077c   Section     3072  heap_4.o(.bss)
    ucHeap                                   0x2000077c   Data        3072  heap_4.o(.bss)
    .bss                                     0x2000137c   Section       12  ff_gen_drv.o(.bss)
    .bss                                     0x20001388   Section       24  ff.o(.bss)
    Files                                    0x20001388   Data          24  ff.o(.bss)
    .bss                                     0x200013a0   Section       88  stm32l1xx_nucleo.o(.bss)
    hnucleo_Spi                              0x200013a0   Data          88  stm32l1xx_nucleo.o(.bss)
    HEAP                                     0x200013f8   Section     1024  startup_stm32l151xb.o(HEAP)
    STACK                                    0x200017f8   Section     6656  startup_stm32l151xb.o(STACK)

    Global Symbols

    Symbol Name                              Value     Ov Type        Size  Object(Section)

    BuildAttributes$$THM_ISAv4$P$D$K$B$S$PE$A:L22UL41UL21$X:L11$S22US41US21$IEEE1$IW$USESV6$~STKCKD$USESV7$~SHL$OSPACE$ROPI$EBA8$MICROLIB$REQ8$PRES8$EABIv2 0x00000000   Number         0  anon$$obj.o ABSOLUTE
    __ARM_use_no_argv                        0x00000000   Number         0  main.o ABSOLUTE
    _printf_a                                0x00000000   Number         0  stubs.o ABSOLUTE
    _printf_c                                0x00000000   Number         0  stubs.o ABSOLUTE
    _printf_charcount                        0x00000000   Number         0  stubs.o ABSOLUTE
    _printf_d                                0x00000000   Number         0  stubs.o ABSOLUTE
    _printf_e                                0x00000000   Number         0  stubs.o ABSOLUTE
    _printf_f                                0x00000000   Number         0  stubs.o ABSOLUTE
    _printf_flags                            0x00000000   Number         0  stubs.o ABSOLUTE
    _printf_fp_dec                           0x00000000   Number         0  stubs.o ABSOLUTE
    _printf_fp_hex                           0x00000000   Number         0  stubs.o ABSOLUTE
    _printf_g                                0x00000000   Number         0  stubs.o ABSOLUTE
    _printf_i                                0x00000000   Number         0  stubs.o ABSOLUTE
    _printf_int_dec                          0x00000000   Number         0  stubs.o ABSOLUTE
    _printf_l                                0x00000000   Number         0  stubs.o ABSOLUTE
    _printf_lc                               0x00000000   Number         0  stubs.o ABSOLUTE
    _printf_ll                               0x00000000   Number         0  stubs.o ABSOLUTE
    _printf_lld                              0x00000000   Number         0  stubs.o ABSOLUTE
    _printf_lli                              0x00000000   Number         0  stubs.o ABSOLUTE
    _printf_llo                              0x00000000   Number         0  stubs.o ABSOLUTE
    _printf_llu                              0x00000000   Number         0  stubs.o ABSOLUTE
    _printf_llx                              0x00000000   Number         0  stubs.o ABSOLUTE
    _printf_longlong_dec                     0x00000000   Number         0  stubs.o ABSOLUTE
    _printf_longlong_hex                     0x00000000   Number         0  stubs.o ABSOLUTE
    _printf_longlong_oct                     0x00000000   Number         0  stubs.o ABSOLUTE
    _printf_ls                               0x00000000   Number         0  stubs.o ABSOLUTE
    _printf_mbtowc                           0x00000000   Number         0  stubs.o ABSOLUTE
    _printf_n                                0x00000000   Number         0  stubs.o ABSOLUTE
    _printf_o                                0x00000000   Number         0  stubs.o ABSOLUTE
    _printf_p                                0x00000000   Number         0  stubs.o ABSOLUTE
    _printf_percent                          0x00000000   Number         0  stubs.o ABSOLUTE
    _printf_pre_padding                      0x00000000   Number         0  stubs.o ABSOLUTE
    _printf_return_value                     0x00000000   Number         0  stubs.o ABSOLUTE
    _printf_s                                0x00000000   Number         0  stubs.o ABSOLUTE
    _printf_sizespec                         0x00000000   Number         0  stubs.o ABSOLUTE
    _printf_str                              0x00000000   Number         0  stubs.o ABSOLUTE
    _printf_truncate_signed                  0x00000000   Number         0  stubs.o ABSOLUTE
    _printf_truncate_unsigned                0x00000000   Number         0  stubs.o ABSOLUTE
    _printf_u                                0x00000000   Number         0  stubs.o ABSOLUTE
    _printf_wc                               0x00000000   Number         0  stubs.o ABSOLUTE
    _printf_wctomb                           0x00000000   Number         0  stubs.o ABSOLUTE
    _printf_widthprec                        0x00000000   Number         0  stubs.o ABSOLUTE
    _printf_x                                0x00000000   Number         0  stubs.o ABSOLUTE
    __cpp_initialize__aeabi_                  - Undefined Weak Reference
    __cxa_finalize                            - Undefined Weak Reference
    __decompress                              - Undefined Weak Reference
    _clock_init                               - Undefined Weak Reference
    _microlib_exit                            - Undefined Weak Reference
    __Vectors_Size                           0x000000f4   Number         0  startup_stm32l151xb.o ABSOLUTE
    __Vectors                                0x08000000   Data           4  startup_stm32l151xb.o(RESET)
    __Vectors_End                            0x080000f4   Data           0  startup_stm32l151xb.o(RESET)
    __main                                   0x080000f5   Thumb Code     0  entry.o(.ARM.Collect$$$$00000000)
    _main_stk                                0x080000f5   Thumb Code     0  entry2.o(.ARM.Collect$$$$00000001)
    _main_scatterload                        0x080000f9   Thumb Code     0  entry5.o(.ARM.Collect$$$$00000004)
    __main_after_scatterload                 0x080000fd   Thumb Code     0  entry5.o(.ARM.Collect$$$$00000004)
    _main_clock                              0x080000fd   Thumb Code     0  entry7b.o(.ARM.Collect$$$$00000008)
    _main_cpp_init                           0x080000fd   Thumb Code     0  entry8b.o(.ARM.Collect$$$$0000000A)
    _main_init                               0x080000fd   Thumb Code     0  entry9a.o(.ARM.Collect$$$$0000000B)
    __rt_final_cpp                           0x08000105   Thumb Code     0  entry10a.o(.ARM.Collect$$$$0000000D)
    __rt_final_exit                          0x08000105   Thumb Code     0  entry11a.o(.ARM.Collect$$$$0000000F)
    SVC_Handler                              0x08000109   Thumb Code    32  port.o(.emb_text)
    __asm___6_port_c_39a90d8d__prvStartFirstTask 0x0800012d   Thumb Code    28  port.o(.emb_text)
    PendSV_Handler                           0x0800014d   Thumb Code    64  port.o(.emb_text)
    ulPortSetInterruptMask                   0x08000191   Thumb Code    14  port.o(.emb_text)
    vPortClearInterruptMask                  0x0800019f   Thumb Code     6  port.o(.emb_text)
    vPortGetIPSR                             0x080001a5   Thumb Code     6  port.o(.emb_text)
    Reset_Handler                            0x080001ad   Thumb Code     8  startup_stm32l151xb.o(.text)
    ADC1_IRQHandler                          0x080001c7   Thumb Code     0  startup_stm32l151xb.o(.text)
    COMP_IRQHandler                          0x080001c7   Thumb Code     0  startup_stm32l151xb.o(.text)
    DAC_IRQHandler                           0x080001c7   Thumb Code     0  startup_stm32l151xb.o(.text)
    DMA1_Channel1_IRQHandler                 0x080001c7   Thumb Code     0  startup_stm32l151xb.o(.text)
    DMA1_Channel2_IRQHandler                 0x080001c7   Thumb Code     0  startup_stm32l151xb.o(.text)
    DMA1_Channel3_IRQHandler                 0x080001c7   Thumb Code     0  startup_stm32l151xb.o(.text)
    DMA1_Channel4_IRQHandler                 0x080001c7   Thumb Code     0  startup_stm32l151xb.o(.text)
    DMA1_Channel5_IRQHandler                 0x080001c7   Thumb Code     0  startup_stm32l151xb.o(.text)
    DMA1_Channel6_IRQHandler                 0x080001c7   Thumb Code     0  startup_stm32l151xb.o(.text)
    DMA1_Channel7_IRQHandler                 0x080001c7   Thumb Code     0  startup_stm32l151xb.o(.text)
    EXTI0_IRQHandler                         0x080001c7   Thumb Code     0  startup_stm32l151xb.o(.text)
    EXTI15_10_IRQHandler                     0x080001c7   Thumb Code     0  startup_stm32l151xb.o(.text)
    EXTI1_IRQHandler                         0x080001c7   Thumb Code     0  startup_stm32l151xb.o(.text)
    EXTI2_IRQHandler                         0x080001c7   Thumb Code     0  startup_stm32l151xb.o(.text)
    EXTI3_IRQHandler                         0x080001c7   Thumb Code     0  startup_stm32l151xb.o(.text)
    EXTI4_IRQHandler                         0x080001c7   Thumb Code     0  startup_stm32l151xb.o(.text)
    EXTI9_5_IRQHandler                       0x080001c7   Thumb Code     0  startup_stm32l151xb.o(.text)
    FLASH_IRQHandler                         0x080001c7   Thumb Code     0  startup_stm32l151xb.o(.text)
    I2C1_ER_IRQHandler                       0x080001c7   Thumb Code     0  startup_stm32l151xb.o(.text)
    I2C1_EV_IRQHandler                       0x080001c7   Thumb Code     0  startup_stm32l151xb.o(.text)
    I2C2_ER_IRQHandler                       0x080001c7   Thumb Code     0  startup_stm32l151xb.o(.text)
    I2C2_EV_IRQHandler                       0x080001c7   Thumb Code     0  startup_stm32l151xb.o(.text)
    PVD_IRQHandler                           0x080001c7   Thumb Code     0  startup_stm32l151xb.o(.text)
    RCC_IRQHandler                           0x080001c7   Thumb Code     0  startup_stm32l151xb.o(.text)
    RTC_Alarm_IRQHandler                     0x080001c7   Thumb Code     0  startup_stm32l151xb.o(.text)
    RTC_WKUP_IRQHandler                      0x080001c7   Thumb Code     0  startup_stm32l151xb.o(.text)
    SPI1_IRQHandler                          0x080001c7   Thumb Code     0  startup_stm32l151xb.o(.text)
    SPI2_IRQHandler                          0x080001c7   Thumb Code     0  startup_stm32l151xb.o(.text)
    TAMPER_STAMP_IRQHandler                  0x080001c7   Thumb Code     0  startup_stm32l151xb.o(.text)
    TIM10_IRQHandler                         0x080001c7   Thumb Code     0  startup_stm32l151xb.o(.text)
    TIM11_IRQHandler                         0x080001c7   Thumb Code     0  startup_stm32l151xb.o(.text)
    TIM2_IRQHandler                          0x080001c7   Thumb Code     0  startup_stm32l151xb.o(.text)
    TIM3_IRQHandler                          0x080001c7   Thumb Code     0  startup_stm32l151xb.o(.text)
    TIM4_IRQHandler                          0x080001c7   Thumb Code     0  startup_stm32l151xb.o(.text)
    TIM6_IRQHandler                          0x080001c7   Thumb Code     0  startup_stm32l151xb.o(.text)
    TIM7_IRQHandler                          0x080001c7   Thumb Code     0  startup_stm32l151xb.o(.text)
    TIM9_IRQHandler                          0x080001c7   Thumb Code     0  startup_stm32l151xb.o(.text)
    USART1_IRQHandler                        0x080001c7   Thumb Code     0  startup_stm32l151xb.o(.text)
    USART2_IRQHandler                        0x080001c7   Thumb Code     0  startup_stm32l151xb.o(.text)
    USART3_IRQHandler                        0x080001c7   Thumb Code     0  startup_stm32l151xb.o(.text)
    USB_FS_WKUP_IRQHandler                   0x080001c7   Thumb Code     0  startup_stm32l151xb.o(.text)
    USB_HP_IRQHandler                        0x080001c7   Thumb Code     0  startup_stm32l151xb.o(.text)
    WWDG_IRQHandler                          0x080001c7   Thumb Code     0  startup_stm32l151xb.o(.text)
    __aeabi_memcpy                           0x080001d1   Thumb Code    36  memcpya.o(.text)
    __aeabi_memcpy4                          0x080001d1   Thumb Code     0  memcpya.o(.text)
    __aeabi_memcpy8                          0x080001d1   Thumb Code     0  memcpya.o(.text)
    __aeabi_memset                           0x080001f5   Thumb Code    14  memseta.o(.text)
    __aeabi_memset4                          0x080001f5   Thumb Code     0  memseta.o(.text)
    __aeabi_memset8                          0x080001f5   Thumb Code     0  memseta.o(.text)
    __aeabi_memclr                           0x08000203   Thumb Code     4  memseta.o(.text)
    __aeabi_memclr4                          0x08000203   Thumb Code     0  memseta.o(.text)
    __aeabi_memclr8                          0x08000203   Thumb Code     0  memseta.o(.text)
    _memset$wrapper                          0x08000207   Thumb Code    18  memseta.o(.text)
    __aeabi_uidiv                            0x08000219   Thumb Code     0  uidiv.o(.text)
    __aeabi_uidivmod                         0x08000219   Thumb Code    44  uidiv.o(.text)
    __scatterload                            0x08000245   Thumb Code    28  init.o(.text)
    __scatterload_rt2                        0x08000245   Thumb Code     0  init.o(.text)
    BSP_SD_GetCardInfo                       0x08000269   Thumb Code    84  stm32_adafruit_sd.o(i.BSP_SD_GetCardInfo)
    BSP_SD_GetStatus                         0x080002c1   Thumb Code    50  stm32_adafruit_sd.o(i.BSP_SD_GetStatus)
    BSP_SD_Init                              0x080002f5   Thumb Code    20  stm32_adafruit_sd.o(i.BSP_SD_Init)
    BSP_SD_ReadBlocks                        0x0800030d   Thumb Code   204  stm32_adafruit_sd.o(i.BSP_SD_ReadBlocks)
    BSP_SD_WriteBlocks                       0x080003dd   Thumb Code   246  stm32_adafruit_sd.o(i.BSP_SD_WriteBlocks)
    BusFault_Handler                         0x080004d9   Thumb Code     2  stm32l1xx_it.o(i.BusFault_Handler)
    DebugMon_Handler                         0x080004db   Thumb Code     2  stm32l1xx_it.o(i.DebugMon_Handler)
    FATFS_LinkDriver                         0x080004dd   Thumb Code     6  ff_gen_drv.o(i.FATFS_LinkDriver)
    FATFS_LinkDriverEx                       0x080004e5   Thumb Code    60  ff_gen_drv.o(i.FATFS_LinkDriverEx)
    HAL_ADC_ConfigChannel                    0x08000525   Thumb Code   316  stm32l1xx_hal_adc.o(i.HAL_ADC_ConfigChannel)
    HAL_ADC_Init                             0x0800066d   Thumb Code   390  stm32l1xx_hal_adc.o(i.HAL_ADC_Init)
    HAL_ADC_MspInit                          0x08000809   Thumb Code    56  stm32l1xx_hal_msp.o(i.HAL_ADC_MspInit)
    HAL_Delay                                0x0800084d   Thumb Code    22  stm32l1xx_hal.o(i.HAL_Delay)
    HAL_GPIO_DeInit                          0x08000865   Thumb Code   260  stm32l1xx_hal_gpio.o(i.HAL_GPIO_DeInit)
    HAL_GPIO_Init                            0x08000985   Thumb Code   364  stm32l1xx_hal_gpio.o(i.HAL_GPIO_Init)
    HAL_GPIO_WritePin                        0x08000b11   Thumb Code    10  stm32l1xx_hal_gpio.o(i.HAL_GPIO_WritePin)
    HAL_GetTick                              0x08000b1d   Thumb Code     6  stm32l1xx_hal.o(i.HAL_GetTick)
    HAL_IncTick                              0x08000b29   Thumb Code    10  stm32l1xx_hal.o(i.HAL_IncTick)
    HAL_Init                                 0x08000b39   Thumb Code    22  stm32l1xx_hal.o(i.HAL_Init)
    HAL_InitTick                             0x08000b51   Thumb Code    34  stm32l1xx_hal.o(i.HAL_InitTick)
    HAL_MspInit                              0x08000b79   Thumb Code   140  stm32l1xx_hal_msp.o(i.HAL_MspInit)
    HAL_NVIC_SetPriority                     0x08000c09   Thumb Code    60  stm32l1xx_hal_cortex.o(i.HAL_NVIC_SetPriority)
    HAL_NVIC_SetPriorityGrouping             0x08000c49   Thumb Code    26  stm32l1xx_hal_cortex.o(i.HAL_NVIC_SetPriorityGrouping)
    HAL_PCD_DataInStageCallback              0x08000c6d   Thumb Code    18  usbd_conf.o(i.HAL_PCD_DataInStageCallback)
    HAL_PCD_DataOutStageCallback             0x08000c7f   Thumb Code    20  usbd_conf.o(i.HAL_PCD_DataOutStageCallback)
    HAL_PCD_EP_ClrStall                      0x08000c93   Thumb Code   176  stm32l1xx_hal_pcd.o(i.HAL_PCD_EP_ClrStall)
    HAL_PCD_EP_Open                          0x08000d43   Thumb Code   762  stm32l1xx_hal_pcd.o(i.HAL_PCD_EP_Open)
    HAL_PCD_EP_Receive                       0x0800103d   Thumb Code   342  stm32l1xx_hal_pcd.o(i.HAL_PCD_EP_Receive)
    HAL_PCD_EP_SetStall                      0x08001193   Thumb Code   138  stm32l1xx_hal_pcd.o(i.HAL_PCD_EP_SetStall)
    HAL_PCD_EP_Transmit                      0x0800121d   Thumb Code   438  stm32l1xx_hal_pcd.o(i.HAL_PCD_EP_Transmit)
    HAL_PCD_IRQHandler                       0x080013d3   Thumb Code   252  stm32l1xx_hal_pcd.o(i.HAL_PCD_IRQHandler)
    HAL_PCD_ResetCallback                    0x080014cf   Thumb Code    26  usbd_conf.o(i.HAL_PCD_ResetCallback)
    HAL_PCD_ResumeCallback                   0x080014e9   Thumb Code     8  usbd_conf.o(i.HAL_PCD_ResumeCallback)
    HAL_PCD_SOFCallback                      0x080014f1   Thumb Code     8  usbd_conf.o(i.HAL_PCD_SOFCallback)
    HAL_PCD_SetAddress                       0x080014f9   Thumb Code    44  stm32l1xx_hal_pcd.o(i.HAL_PCD_SetAddress)
    HAL_PCD_SetupStageCallback               0x08001525   Thumb Code    14  usbd_conf.o(i.HAL_PCD_SetupStageCallback)
    HAL_PCD_SuspendCallback                  0x08001535   Thumb Code    30  usbd_conf.o(i.HAL_PCD_SuspendCallback)
    HAL_PWREx_GetVoltageRange                0x08001559   Thumb Code    10  stm32l1xx_hal_pwr_ex.o(i.HAL_PWREx_GetVoltageRange)
    HAL_RCCEx_PeriphCLKConfig                0x08001569   Thumb Code   348  stm32l1xx_hal_rcc_ex.o(i.HAL_RCCEx_PeriphCLKConfig)
    HAL_RCC_ClockConfig                      0x080016d1   Thumb Code   450  stm32l1xx_hal_rcc.o(i.HAL_RCC_ClockConfig)
    HAL_RCC_GetHCLKFreq                      0x080018a5   Thumb Code     6  stm32l1xx_hal_rcc.o(i.HAL_RCC_GetHCLKFreq)
    HAL_RCC_GetPCLK1Freq                     0x080018b1   Thumb Code    34  stm32l1xx_hal_rcc.o(i.HAL_RCC_GetPCLK1Freq)
    HAL_RCC_GetPCLK2Freq                     0x080018e1   Thumb Code    34  stm32l1xx_hal_rcc.o(i.HAL_RCC_GetPCLK2Freq)
    HAL_RCC_GetSysClockFreq                  0x08001911   Thumb Code   122  stm32l1xx_hal_rcc.o(i.HAL_RCC_GetSysClockFreq)
    HAL_RCC_OscConfig                        0x0800199d   Thumb Code  1860  stm32l1xx_hal_rcc.o(i.HAL_RCC_OscConfig)
    HAL_RTC_Init                             0x080020ed   Thumb Code   150  stm32l1xx_hal_rtc.o(i.HAL_RTC_Init)
    HAL_RTC_MspInit                          0x08002189   Thumb Code    32  stm32l1xx_hal_msp.o(i.HAL_RTC_MspInit)
    HAL_SPI_DeInit                           0x080021b1   Thumb Code    40  stm32l1xx_hal_spi.o(i.HAL_SPI_DeInit)
    HAL_SPI_GetState                         0x080021d9   Thumb Code     6  stm32l1xx_hal_spi.o(i.HAL_SPI_GetState)
    HAL_SPI_Init                             0x080021df   Thumb Code   122  stm32l1xx_hal_spi_ex.o(i.HAL_SPI_Init)
    HAL_SPI_MspDeInit                        0x08002259   Thumb Code    28  stm32l1xx_hal_msp.o(i.HAL_SPI_MspDeInit)
    HAL_SPI_MspInit                          0x08002281   Thumb Code    62  stm32l1xx_hal_msp.o(i.HAL_SPI_MspInit)
    HAL_SPI_TransmitReceive                  0x080022cd   Thumb Code   690  stm32l1xx_hal_spi.o(i.HAL_SPI_TransmitReceive)
    HAL_SYSTICK_CLKSourceConfig              0x0800257f   Thumb Code    24  stm32l1xx_hal_cortex.o(i.HAL_SYSTICK_CLKSourceConfig)
    HAL_SYSTICK_Config                       0x08002597   Thumb Code    40  stm32l1xx_hal_cortex.o(i.HAL_SYSTICK_Config)
    HAL_TIMEx_MasterConfigSynchronization    0x080025bf   Thumb Code    80  stm32l1xx_hal_tim_ex.o(i.HAL_TIMEx_MasterConfigSynchronization)
    HAL_TIM_MspPostInit                      0x08002611   Thumb Code    40  stm32l1xx_hal_msp.o(i.HAL_TIM_MspPostInit)
    HAL_TIM_OC_ConfigChannel                 0x0800263d   Thumb Code    86  stm32l1xx_hal_tim.o(i.HAL_TIM_OC_ConfigChannel)
    HAL_TIM_OC_Init                          0x08002693   Thumb Code    54  stm32l1xx_hal_tim.o(i.HAL_TIM_OC_Init)
    HAL_TIM_OC_MspInit                       0x080026c9   Thumb Code    30  stm32l1xx_hal_msp.o(i.HAL_TIM_OC_MspInit)
    HAL_UART_Init                            0x080026ed   Thumb Code    94  stm32l1xx_hal_uart.o(i.HAL_UART_Init)
    HAL_UART_MspInit                         0x0800274d   Thumb Code    64  stm32l1xx_hal_msp.o(i.HAL_UART_MspInit)
    HAL_UART_Transmit                        0x08002799   Thumb Code   204  stm32l1xx_hal_uart.o(i.HAL_UART_Transmit)
    HardFault_Handler                        0x08002865   Thumb Code     2  stm32l1xx_it.o(i.HardFault_Handler)
    MX_FATFS_Init                            0x080028bd   Thumb Code    18  fatfs.o(i.MX_FATFS_Init)
    MemManage_Handler                        0x08002931   Thumb Code     2  stm32l1xx_it.o(i.MemManage_Handler)
    My_Fs_Init                               0x08002935   Thumb Code   104  main.o(i.My_Fs_Init)
    NMI_Handler                              0x080029f5   Thumb Code     2  stm32l1xx_it.o(i.NMI_Handler)
    RTC_EnterInitMode                        0x08002e3d   Thumb Code    58  stm32l1xx_hal_rtc.o(i.RTC_EnterInitMode)
    SD_IO_CSState                            0x080032d9   Thumb Code    20  stm32l1xx_nucleo.o(i.SD_IO_CSState)
    SD_IO_Init                               0x080032f1   Thumb Code    88  stm32l1xx_nucleo.o(i.SD_IO_Init)
    SD_IO_WriteByte                          0x08003351   Thumb Code    20  stm32l1xx_nucleo.o(i.SD_IO_WriteByte)
    SD_IO_WriteReadData                      0x08003365   Thumb Code     4  stm32l1xx_nucleo.o(i.SD_IO_WriteReadData)
    StartDefaultTask                         0x08003639   Thumb Code     8  main.o(i.StartDefaultTask)
    SysTick_Handler                          0x08003641   Thumb Code    14  stm32l1xx_it.o(i.SysTick_Handler)
    SystemClock_Config                       0x08003651   Thumb Code   138  main.o(i.SystemClock_Config)
    SystemInit                               0x080036e1   Thumb Code    62  system_stm32l1xx.o(i.SystemInit)
    USBD_ClrClassConfig                      0x08003b8b   Thumb Code    14  usbd_core.o(i.USBD_ClrClassConfig)
    USBD_CtlContinueRx                       0x08003b99   Thumb Code    16  usbd_ioreq.o(i.USBD_CtlContinueRx)
    USBD_CtlContinueSendData                 0x08003ba9   Thumb Code    16  usbd_ioreq.o(i.USBD_CtlContinueSendData)
    USBD_CtlError                            0x08003bb9   Thumb Code    22  usbd_ctlreq.o(i.USBD_CtlError)
    USBD_CtlReceiveStatus                    0x08003bcf   Thumb Code    22  usbd_ioreq.o(i.USBD_CtlReceiveStatus)
    USBD_CtlSendData                         0x08003be5   Thumb Code    26  usbd_ioreq.o(i.USBD_CtlSendData)
    USBD_CtlSendStatus                       0x08003bff   Thumb Code    22  usbd_ioreq.o(i.USBD_CtlSendStatus)
    USBD_LL_ClearStallEP                     0x08003cf5   Thumb Code    32  usbd_conf.o(i.USBD_LL_ClearStallEP)
    USBD_LL_DataInStage                      0x08003d15   Thumb Code   170  usbd_core.o(i.USBD_LL_DataInStage)
    USBD_LL_DataOutStage                     0x08003dbf   Thumb Code   106  usbd_core.o(i.USBD_LL_DataOutStage)
    USBD_LL_IsStallEP                        0x08003e29   Thumb Code    32  usbd_conf.o(i.USBD_LL_IsStallEP)
    USBD_LL_OpenEP                           0x08003e49   Thumb Code    38  usbd_conf.o(i.USBD_LL_OpenEP)
    USBD_LL_PrepareReceive                   0x08003e6f   Thumb Code    32  usbd_conf.o(i.USBD_LL_PrepareReceive)
    USBD_LL_Reset                            0x08003e8f   Thumb Code    62  usbd_core.o(i.USBD_LL_Reset)
    USBD_LL_Resume                           0x08003ecd   Thumb Code    12  usbd_core.o(i.USBD_LL_Resume)
    USBD_LL_SOF                              0x08003ed9   Thumb Code    24  usbd_core.o(i.USBD_LL_SOF)
    USBD_LL_SetSpeed                         0x08003ef1   Thumb Code     6  usbd_core.o(i.USBD_LL_SetSpeed)
    USBD_LL_SetUSBAddress                    0x08003ef7   Thumb Code    32  usbd_conf.o(i.USBD_LL_SetUSBAddress)
    USBD_LL_SetupStage                       0x08003f17   Thumb Code    90  usbd_core.o(i.USBD_LL_SetupStage)
    USBD_LL_StallEP                          0x08003f71   Thumb Code    32  usbd_conf.o(i.USBD_LL_StallEP)
    USBD_LL_Suspend                          0x08003f91   Thumb Code    18  usbd_core.o(i.USBD_LL_Suspend)
    USBD_LL_Transmit                         0x08003fa3   Thumb Code    32  usbd_conf.o(i.USBD_LL_Transmit)
    USBD_ParseSetupRequest                   0x08003fc3   Thumb Code    40  usbd_ctlreq.o(i.USBD_ParseSetupRequest)
    USBD_SetClassConfig                      0x08003feb   Thumb Code    22  usbd_core.o(i.USBD_SetClassConfig)
    USBD_StdDevReq                           0x08004075   Thumb Code   242  usbd_ctlreq.o(i.USBD_StdDevReq)
    USBD_StdEPReq                            0x08004167   Thumb Code   220  usbd_ctlreq.o(i.USBD_StdEPReq)
    USBD_StdItfReq                           0x08004243   Thumb Code    52  usbd_ctlreq.o(i.USBD_StdItfReq)
    USB_LP_IRQHandler                        0x08004279   Thumb Code     6  stm32l1xx_it.o(i.USB_LP_IRQHandler)
    USER_initialize                          0x08004285   Thumb Code    26  user_diskio.o(i.USER_initialize)
    USER_ioctl                               0x080042a5   Thumb Code    78  user_diskio.o(i.USER_ioctl)
    USER_read                                0x080042f9   Thumb Code    24  user_diskio.o(i.USER_read)
    USER_status                              0x08004311   Thumb Code    26  user_diskio.o(i.USER_status)
    USER_write                               0x08004331   Thumb Code    24  user_diskio.o(i.USER_write)
    UsageFault_Handler                       0x08004349   Thumb Code     2  stm32l1xx_it.o(i.UsageFault_Handler)
    __0printf$1                              0x0800434d   Thumb Code    22  printf1.o(i.__0printf$1)
    __1printf$1                              0x0800434d   Thumb Code     0  printf1.o(i.__0printf$1)
    __2printf                                0x0800434d   Thumb Code     0  printf1.o(i.__0printf$1)
    __scatterload_copy                       0x0800436d   Thumb Code    14  handlers.o(i.__scatterload_copy)
    __scatterload_null                       0x0800437b   Thumb Code     2  handlers.o(i.__scatterload_null)
    __scatterload_zeroinit                   0x0800437d   Thumb Code    14  handlers.o(i.__scatterload_zeroinit)
    clust2sect                               0x080045fb   Thumb Code    30  ff.o(i.clust2sect)
    disk_initialize                          0x08004a31   Thumb Code    36  diskio.o(i.disk_initialize)
    disk_ioctl                               0x08004a59   Thumb Code    24  diskio.o(i.disk_ioctl)
    disk_read                                0x08004a75   Thumb Code    24  diskio.o(i.disk_read)
    disk_status                              0x08004a91   Thumb Code    18  diskio.o(i.disk_status)
    disk_write                               0x08004aa9   Thumb Code    24  diskio.o(i.disk_write)
    f_close                                  0x08004ac5   Thumb Code    42  ff.o(i.f_close)
    f_lseek                                  0x08004af1   Thumb Code   644  ff.o(i.f_lseek)
    f_mount                                  0x08004d75   Thumb Code    88  ff.o(i.f_mount)
    f_open                                   0x08004dd1   Thumb Code   412  ff.o(i.f_open)
    f_printf                                 0x08004f71   Thumb Code   488  ff.o(i.f_printf)
    f_sync                                   0x08005159   Thumb Code   184  ff.o(i.f_sync)
    f_write                                  0x08005211   Thumb Code   470  ff.o(i.f_write)
    fputc                                    0x08005701   Thumb Code    20  main.o(i.fputc)
    free                                     0x08005719   Thumb Code    76  malloc.o(i.free)
    get_fat                                  0x08005769   Thumb Code   194  ff.o(i.get_fat)
    get_fattime                              0x0800582b   Thumb Code     4  fatfs.o(i.get_fattime)
    main                                     0x08005921   Thumb Code   188  main.o(i.main)
    malloc                                   0x08005a19   Thumb Code    92  malloc.o(i.malloc)
    open_append                              0x08005adb   Thumb Code    38  main.o(i.open_append)
    osDelay                                  0x08005b01   Thumb Code    14  cmsis_os.o(i.osDelay)
    osKernelStart                            0x08005b0f   Thumb Code    10  cmsis_os.o(i.osKernelStart)
    osSystickHandler                         0x08005b19   Thumb Code    20  cmsis_os.o(i.osSystickHandler)
    osThreadCreate                           0x08005b2d   Thumb Code    56  cmsis_os.o(i.osThreadCreate)
    put_fat                                  0x08005cd5   Thumb Code   248  ff.o(i.put_fat)
    pvPortMalloc                             0x08005e15   Thumb Code   182  heap_4.o(i.pvPortMalloc)
    pxPortInitialiseStack                    0x08005ed1   Thumb Code    28  port.o(i.pxPortInitialiseStack)
    uxListRemove                             0x08006085   Thumb Code    36  list.o(i.uxListRemove)
    vListInitialise                          0x080060a9   Thumb Code    22  list.o(i.vListInitialise)
    vListInitialiseItem                      0x080060bf   Thumb Code     6  list.o(i.vListInitialiseItem)
    vListInsert                              0x080060c5   Thumb Code    48  list.o(i.vListInsert)
    vListInsertEnd                           0x080060f5   Thumb Code    24  list.o(i.vListInsertEnd)
    vPortEnterCritical                       0x0800610d   Thumb Code    44  port.o(i.vPortEnterCritical)
    vPortExitCritical                        0x08006141   Thumb Code    30  port.o(i.vPortExitCritical)
    vPortFree                                0x08006165   Thumb Code    68  heap_4.o(i.vPortFree)
    vPortSetupTimerInterrupt                 0x080061ad   Thumb Code    26  port.o(i.vPortSetupTimerInterrupt)
    vPortYield                               0x080061cd   Thumb Code    18  port.o(i.vPortYield)
    vTaskDelay                               0x080061e5   Thumb Code    76  tasks.o(i.vTaskDelay)
    vTaskStartScheduler                      0x08006235   Thumb Code    66  tasks.o(i.vTaskStartScheduler)
    vTaskSuspendAll                          0x08006289   Thumb Code    10  tasks.o(i.vTaskSuspendAll)
    vTaskSwitchContext                       0x08006299   Thumb Code    74  tasks.o(i.vTaskSwitchContext)
    xPortStartScheduler                      0x08006319   Thumb Code   102  port.o(i.xPortStartScheduler)
    xPortSysTickHandler                      0x0800638d   Thumb Code    30  port.o(i.xPortSysTickHandler)
    xTaskGenericCreate                       0x080063b1   Thumb Code   388  tasks.o(i.xTaskGenericCreate)
    xTaskGetSchedulerState                   0x0800653d   Thumb Code    22  tasks.o(i.xTaskGetSchedulerState)
    xTaskIncrementTick                       0x08006559   Thumb Code   184  tasks.o(i.xTaskIncrementTick)
    xTaskResumeAll                           0x08006619   Thumb Code   162  tasks.o(i.xTaskResumeAll)
    PLLMulTable                              0x080066d8   Data           9  system_stm32l1xx.o(.constdata)
    AHBPrescTable                            0x080066e1   Data          16  system_stm32l1xx.o(.constdata)
    APBPrescTable                            0x080066f1   Data           8  system_stm32l1xx.o(.constdata)
    Region$$Table$$Base                      0x080067bc   Number         0  anon$$obj.o(Region$$Table)
    Region$$Table$$Limit                     0x080067dc   Number         0  anon$$obj.o(Region$$Table)
    retUSER                                  0x20000000   Data           1  fatfs.o(.data)
    USER_Path                                0x20000001   Data           4  fatfs.o(.data)
    USER_Driver                              0x20000008   Data          20  user_diskio.o(.data)
    defaultTaskHandle                        0x20000020   Data           4  main.o(.data)
    pxCurrentTCB                             0x20000030   Data           4  tasks.o(.data)
    SystemCoreClock                          0x20000080   Data           4  system_stm32l1xx.o(.data)
    uwTick                                   0x20000084   Data           4  stm32l1xx_hal.o(.data)
    SdStatus                                 0x20000092   Data           1  stm32_adafruit_sd.o(.data)
    flag_SDHC                                0x20000094   Data           2  stm32_adafruit_sd.o(.data)
    LED_PORT                                 0x20000098   Data           4  stm32l1xx_nucleo.o(.data)
    SpixTimeout                              0x2000009c   Data           4  stm32l1xx_nucleo.o(.data)
    __stdout                                 0x200000a0   Data           4  stdout.o(.data)
    __microlib_freelist                      0x200000a4   Data           4  mvars.o(.data)
    __microlib_freelist_initialised          0x200000a8   Data           4  mvars.o(.data)
    hadc                                     0x200000ac   Data          84  main.o(.bss)
    hrtc                                     0x20000100   Data          32  main.o(.bss)
    htim2                                    0x20000120   Data          56  main.o(.bss)
    huart1                                   0x20000158   Data          64  main.o(.bss)
    pDirectoryFiles                          0x20000198   Data         100  main.o(.bss)
    hpcd_USB_FS                              0x2000046c   Data         544  usbd_conf.o(.bss)
    disk                                     0x2000137c   Data          12  ff_gen_drv.o(.bss)
    __heap_base                              0x200013f8   Data           0  startup_stm32l151xb.o(HEAP)
    __heap_limit                             0x200017f8   Data           0  startup_stm32l151xb.o(HEAP)
    __initial_sp                             0x200031f8   Data           0  startup_stm32l151xb.o(STACK)



==============================================================================

Memory Map of the image

  Image Entry point : 0x080000f5

  Load Region LR_IROM1 (Base: 0x08000000, Size: 0x00006888, Max: 0x00020000, ABSOLUTE)

    Execution Region ER_IROM1 (Base: 0x08000000, Size: 0x000067dc, Max: 0x00020000, ABSOLUTE)

    Base Addr    Size         Type   Attr      Idx    E Section Name        Object

    0x08000000   0x000000f4   Data   RO         5055    RESET               startup_stm32l151xb.o
    0x080000f4   0x00000000   Code   RO         6223  * .ARM.Collect$$$$00000000  mc_w.l(entry.o)
    0x080000f4   0x00000004   Code   RO         6521    .ARM.Collect$$$$00000001  mc_w.l(entry2.o)
    0x080000f8   0x00000004   Code   RO         6524    .ARM.Collect$$$$00000004  mc_w.l(entry5.o)
    0x080000fc   0x00000000   Code   RO         6526    .ARM.Collect$$$$00000008  mc_w.l(entry7b.o)
    0x080000fc   0x00000000   Code   RO         6528    .ARM.Collect$$$$0000000A  mc_w.l(entry8b.o)
    0x080000fc   0x00000008   Code   RO         6529    .ARM.Collect$$$$0000000B  mc_w.l(entry9a.o)
    0x08000104   0x00000000   Code   RO         6531    .ARM.Collect$$$$0000000D  mc_w.l(entry10a.o)
    0x08000104   0x00000000   Code   RO         6533    .ARM.Collect$$$$0000000F  mc_w.l(entry11a.o)
    0x08000104   0x00000004   Code   RO         6522    .ARM.Collect$$$$00002712  mc_w.l(entry2.o)
    0x08000108   0x000000a2   Code   RO          966    .emb_text           port.o
    0x080001aa   0x00000002   PAD
    0x080001ac   0x00000024   Code   RO         5056    .text               startup_stm32l151xb.o
    0x080001d0   0x00000024   Code   RO         6226    .text               mc_w.l(memcpya.o)
    0x080001f4   0x00000024   Code   RO         6228    .text               mc_w.l(memseta.o)
    0x08000218   0x0000002c   Code   RO         6536    .text               mc_w.l(uidiv.o)
    0x08000244   0x00000024   Code   RO         6553    .text               mc_w.l(init.o)
    0x08000268   0x00000058   Code   RO         6031    i.BSP_SD_GetCardInfo  stm32_adafruit_sd.o
    0x080002c0   0x00000032   Code   RO         6032    i.BSP_SD_GetStatus  stm32_adafruit_sd.o
    0x080002f2   0x00000002   PAD
    0x080002f4   0x00000018   Code   RO         6033    i.BSP_SD_Init       stm32_adafruit_sd.o
    0x0800030c   0x000000d0   Code   RO         6034    i.BSP_SD_ReadBlocks  stm32_adafruit_sd.o
    0x080003dc   0x000000fc   Code   RO         6035    i.BSP_SD_WriteBlocks  stm32_adafruit_sd.o
    0x080004d8   0x00000002   Code   RO            4    i.BusFault_Handler  stm32l1xx_it.o
    0x080004da   0x00000002   Code   RO            5    i.DebugMon_Handler  stm32l1xx_it.o
    0x080004dc   0x00000006   Code   RO         5064    i.FATFS_LinkDriver  ff_gen_drv.o
    0x080004e2   0x00000002   PAD
    0x080004e4   0x00000040   Code   RO         5065    i.FATFS_LinkDriverEx  ff_gen_drv.o
    0x08000524   0x00000148   Code   RO         4224    i.HAL_ADC_ConfigChannel  stm32l1xx_hal_adc.o
    0x0800066c   0x0000019c   Code   RO         4233    i.HAL_ADC_Init      stm32l1xx_hal_adc.o
    0x08000808   0x00000044   Code   RO          477    i.HAL_ADC_MspInit   stm32l1xx_hal_msp.o
    0x0800084c   0x00000016   Code   RO         2657    i.HAL_Delay         stm32l1xx_hal.o
    0x08000862   0x00000002   PAD
    0x08000864   0x00000120   Code   RO         2785    i.HAL_GPIO_DeInit   stm32l1xx_hal_gpio.o
    0x08000984   0x0000018c   Code   RO         2788    i.HAL_GPIO_Init     stm32l1xx_hal_gpio.o
    0x08000b10   0x0000000a   Code   RO         2792    i.HAL_GPIO_WritePin  stm32l1xx_hal_gpio.o
    0x08000b1a   0x00000002   PAD
    0x08000b1c   0x0000000c   Code   RO         2661    i.HAL_GetTick       stm32l1xx_hal.o
    0x08000b28   0x00000010   Code   RO         2662    i.HAL_IncTick       stm32l1xx_hal.o
    0x08000b38   0x00000016   Code   RO         2663    i.HAL_Init          stm32l1xx_hal.o
    0x08000b4e   0x00000002   PAD
    0x08000b50   0x00000028   Code   RO         2664    i.HAL_InitTick      stm32l1xx_hal.o
    0x08000b78   0x00000090   Code   RO          478    i.HAL_MspInit       stm32l1xx_hal_msp.o
    0x08000c08   0x00000040   Code   RO         2174    i.HAL_NVIC_SetPriority  stm32l1xx_hal_cortex.o
    0x08000c48   0x00000024   Code   RO         2175    i.HAL_NVIC_SetPriorityGrouping  stm32l1xx_hal_cortex.o
    0x08000c6c   0x00000012   Code   RO          726    i.HAL_PCD_DataInStageCallback  usbd_conf.o
    0x08000c7e   0x00000014   Code   RO          727    i.HAL_PCD_DataOutStageCallback  usbd_conf.o
    0x08000c92   0x000000b0   Code   RO         4771    i.HAL_PCD_EP_ClrStall  stm32l1xx_hal_pcd.o
    0x08000d42   0x000002fa   Code   RO         4774    i.HAL_PCD_EP_Open   stm32l1xx_hal_pcd.o
    0x0800103c   0x00000156   Code   RO         4775    i.HAL_PCD_EP_Receive  stm32l1xx_hal_pcd.o
    0x08001192   0x0000008a   Code   RO         4776    i.HAL_PCD_EP_SetStall  stm32l1xx_hal_pcd.o
    0x0800121c   0x000001b6   Code   RO         4777    i.HAL_PCD_EP_Transmit  stm32l1xx_hal_pcd.o
    0x080013d2   0x000000fc   Code   RO         4779    i.HAL_PCD_IRQHandler  stm32l1xx_hal_pcd.o
    0x080014ce   0x0000001a   Code   RO          733    i.HAL_PCD_ResetCallback  usbd_conf.o
    0x080014e8   0x00000008   Code   RO          734    i.HAL_PCD_ResumeCallback  usbd_conf.o
    0x080014f0   0x00000008   Code   RO          735    i.HAL_PCD_SOFCallback  usbd_conf.o
    0x080014f8   0x0000002c   Code   RO         4788    i.HAL_PCD_SetAddress  stm32l1xx_hal_pcd.o
    0x08001524   0x0000000e   Code   RO          736    i.HAL_PCD_SetupStageCallback  usbd_conf.o
    0x08001532   0x00000002   PAD
    0x08001534   0x00000024   Code   RO          737    i.HAL_PCD_SuspendCallback  usbd_conf.o
    0x08001558   0x00000010   Code   RO         2294    i.HAL_PWREx_GetVoltageRange  stm32l1xx_hal_pwr_ex.o
    0x08001568   0x00000168   Code   RO         2350    i.HAL_RCCEx_PeriphCLKConfig  stm32l1xx_hal_rcc_ex.o
    0x080016d0   0x000001d4   Code   RO         2961    i.HAL_RCC_ClockConfig  stm32l1xx_hal_rcc.o
    0x080018a4   0x0000000c   Code   RO         2966    i.HAL_RCC_GetHCLKFreq  stm32l1xx_hal_rcc.o
    0x080018b0   0x00000030   Code   RO         2968    i.HAL_RCC_GetPCLK1Freq  stm32l1xx_hal_rcc.o
    0x080018e0   0x00000030   Code   RO         2969    i.HAL_RCC_GetPCLK2Freq  stm32l1xx_hal_rcc.o
    0x08001910   0x0000008c   Code   RO         2970    i.HAL_RCC_GetSysClockFreq  stm32l1xx_hal_rcc.o
    0x0800199c   0x00000750   Code   RO         2973    i.HAL_RCC_OscConfig  stm32l1xx_hal_rcc.o
    0x080020ec   0x0000009c   Code   RO         4659    i.HAL_RTC_Init      stm32l1xx_hal_rtc.o
    0x08002188   0x00000028   Code   RO          480    i.HAL_RTC_MspInit   stm32l1xx_hal_msp.o
    0x080021b0   0x00000028   Code   RO         3697    i.HAL_SPI_DeInit    stm32l1xx_hal_spi.o
    0x080021d8   0x00000006   Code   RO         3700    i.HAL_SPI_GetState  stm32l1xx_hal_spi.o
    0x080021de   0x0000007a   Code   RO         3933    i.HAL_SPI_Init      stm32l1xx_hal_spi_ex.o
    0x08002258   0x00000028   Code   RO          481    i.HAL_SPI_MspDeInit  stm32l1xx_hal_msp.o
    0x08002280   0x0000004c   Code   RO          482    i.HAL_SPI_MspInit   stm32l1xx_hal_msp.o
    0x080022cc   0x000002b2   Code   RO         3711    i.HAL_SPI_TransmitReceive  stm32l1xx_hal_spi.o
    0x0800257e   0x00000018   Code   RO         2177    i.HAL_SYSTICK_CLKSourceConfig  stm32l1xx_hal_cortex.o
    0x08002596   0x00000028   Code   RO         2179    i.HAL_SYSTICK_Config  stm32l1xx_hal_cortex.o
    0x080025be   0x00000050   Code   RO         4623    i.HAL_TIMEx_MasterConfigSynchronization  stm32l1xx_hal_tim_ex.o
    0x0800260e   0x00000002   PAD
    0x08002610   0x0000002c   Code   RO          483    i.HAL_TIM_MspPostInit  stm32l1xx_hal_msp.o
    0x0800263c   0x00000056   Code   RO         3112    i.HAL_TIM_OC_ConfigChannel  stm32l1xx_hal_tim.o
    0x08002692   0x00000036   Code   RO         3116    i.HAL_TIM_OC_Init   stm32l1xx_hal_tim.o
    0x080026c8   0x00000024   Code   RO          485    i.HAL_TIM_OC_MspInit  stm32l1xx_hal_msp.o
    0x080026ec   0x0000005e   Code   RO         3973    i.HAL_UART_Init     stm32l1xx_hal_uart.o
    0x0800274a   0x00000002   PAD
    0x0800274c   0x0000004c   Code   RO          487    i.HAL_UART_MspInit  stm32l1xx_hal_msp.o
    0x08002798   0x000000cc   Code   RO         3981    i.HAL_UART_Transmit  stm32l1xx_hal_uart.o
    0x08002864   0x00000002   Code   RO            6    i.HardFault_Handler  stm32l1xx_it.o
    0x08002866   0x00000002   PAD
    0x08002868   0x00000054   Code   RO          376    i.MX_ADC_Init       main.o
    0x080028bc   0x0000001c   Code   RO          236    i.MX_FATFS_Init     fatfs.o
    0x080028d8   0x00000058   Code   RO          377    i.MX_TIM2_Init      main.o
    0x08002930   0x00000002   Code   RO            7    i.MemManage_Handler  stm32l1xx_it.o
    0x08002932   0x00000002   PAD
    0x08002934   0x000000c0   Code   RO          378    i.My_Fs_Init        main.o
    0x080029f4   0x00000002   Code   RO            8    i.NMI_Handler       stm32l1xx_it.o
    0x080029f6   0x00000020   Code   RO         2181    i.NVIC_SetPriority  stm32l1xx_hal_cortex.o
    0x08002a16   0x0000036a   Code   RO         4793    i.PCD_EP_ISR_Handler  stm32l1xx_hal_pcd.o
    0x08002d80   0x0000001e   Code   RO         4794    i.PCD_ReadPMA       stm32l1xx_hal_pcd.o
    0x08002d9e   0x00000026   Code   RO         4795    i.PCD_WritePMA      stm32l1xx_hal_pcd.o
    0x08002dc4   0x00000078   Code   RO         2974    i.RCC_SetFlashLatencyFromMSIRange  stm32l1xx_hal_rcc.o
    0x08002e3c   0x0000003a   Code   RO         4667    i.RTC_EnterInitMode  stm32l1xx_hal_rtc.o
    0x08002e76   0x000000fa   Code   RO         6036    i.SD_GetCIDRegister  stm32_adafruit_sd.o
    0x08002f70   0x000001f4   Code   RO         6037    i.SD_GetCSDRegister  stm32_adafruit_sd.o
    0x08003164   0x00000174   Code   RO         6038    i.SD_GoIdleState    stm32_adafruit_sd.o
    0x080032d8   0x00000018   Code   RO         6115    i.SD_IO_CSState     stm32l1xx_nucleo.o
    0x080032f0   0x00000060   Code   RO         6116    i.SD_IO_Init        stm32l1xx_nucleo.o
    0x08003350   0x00000014   Code   RO         6118    i.SD_IO_WriteByte   stm32l1xx_nucleo.o
    0x08003364   0x00000004   Code   RO         6120    i.SD_IO_WriteReadData  stm32l1xx_nucleo.o
    0x08003368   0x00000018   Code   RO         6039    i.SD_ReadData       stm32_adafruit_sd.o
    0x08003380   0x000000dc   Code   RO         6040    i.SD_SendCmd        stm32_adafruit_sd.o
    0x0800345c   0x00000026   Code   RO         6041    i.SD_WaitData       stm32_adafruit_sd.o
    0x08003482   0x0000009e   Code   RO         3732    i.SPI_WaitOnFlagUntilTimeout  stm32l1xx_hal_spi.o
    0x08003520   0x00000014   Code   RO         6121    i.SPIx_Error        stm32l1xx_nucleo.o
    0x08003534   0x00000050   Code   RO         6122    i.SPIx_Init         stm32l1xx_nucleo.o
    0x08003584   0x00000088   Code   RO         6123    i.SPIx_MspInit      stm32l1xx_nucleo.o
    0x0800360c   0x0000002c   Code   RO         6124    i.SPIx_WriteReadData  stm32l1xx_nucleo.o
    0x08003638   0x00000008   Code   RO          379    i.StartDefaultTask  main.o
    0x08003640   0x0000000e   Code   RO            9    i.SysTick_Handler   stm32l1xx_it.o
    0x0800364e   0x00000002   PAD
    0x08003650   0x00000090   Code   RO          380    i.SystemClock_Config  main.o
    0x080036e0   0x00000050   Code   RO         1973    i.SystemInit        system_stm32l1xx.o
    0x08003730   0x0000006c   Code   RO         3153    i.TIM_Base_SetConfig  stm32l1xx_hal_tim.o
    0x0800379c   0x0000002c   Code   RO         3162    i.TIM_OC1_SetConfig  stm32l1xx_hal_tim.o
    0x080037c8   0x00000030   Code   RO         3163    i.TIM_OC2_SetConfig  stm32l1xx_hal_tim.o
    0x080037f8   0x0000002e   Code   RO         3164    i.TIM_OC3_SetConfig  stm32l1xx_hal_tim.o
    0x08003826   0x00000030   Code   RO         3165    i.TIM_OC4_SetConfig  stm32l1xx_hal_tim.o
    0x08003856   0x00000002   PAD
    0x08003858   0x000002a0   Code   RO         3992    i.UART_SetConfig    stm32l1xx_hal_uart.o
    0x08003af8   0x00000092   Code   RO         3994    i.UART_WaitOnFlagUntilTimeout  stm32l1xx_hal_uart.o
    0x08003b8a   0x0000000e   Code   RO         5810    i.USBD_ClrClassConfig  usbd_core.o
    0x08003b98   0x00000010   Code   RO         5680    i.USBD_CtlContinueRx  usbd_ioreq.o
    0x08003ba8   0x00000010   Code   RO         5681    i.USBD_CtlContinueSendData  usbd_ioreq.o
    0x08003bb8   0x00000016   Code   RO         5546    i.USBD_CtlError     usbd_ctlreq.o
    0x08003bce   0x00000016   Code   RO         5683    i.USBD_CtlReceiveStatus  usbd_ioreq.o
    0x08003be4   0x0000001a   Code   RO         5684    i.USBD_CtlSendData  usbd_ioreq.o
    0x08003bfe   0x00000016   Code   RO         5685    i.USBD_CtlSendStatus  usbd_ioreq.o
    0x08003c14   0x000000e0   Code   RO         5547    i.USBD_GetDescriptor  usbd_ctlreq.o
    0x08003cf4   0x00000020   Code   RO          738    i.USBD_LL_ClearStallEP  usbd_conf.o
    0x08003d14   0x000000aa   Code   RO         5813    i.USBD_LL_DataInStage  usbd_core.o
    0x08003dbe   0x0000006a   Code   RO         5814    i.USBD_LL_DataOutStage  usbd_core.o
    0x08003e28   0x00000020   Code   RO          745    i.USBD_LL_IsStallEP  usbd_conf.o
    0x08003e48   0x00000026   Code   RO          746    i.USBD_LL_OpenEP    usbd_conf.o
    0x08003e6e   0x00000020   Code   RO          747    i.USBD_LL_PrepareReceive  usbd_conf.o
    0x08003e8e   0x0000003e   Code   RO         5819    i.USBD_LL_Reset     usbd_core.o
    0x08003ecc   0x0000000c   Code   RO         5820    i.USBD_LL_Resume    usbd_core.o
    0x08003ed8   0x00000018   Code   RO         5821    i.USBD_LL_SOF       usbd_core.o
    0x08003ef0   0x00000006   Code   RO         5822    i.USBD_LL_SetSpeed  usbd_core.o
    0x08003ef6   0x00000020   Code   RO          748    i.USBD_LL_SetUSBAddress  usbd_conf.o
    0x08003f16   0x0000005a   Code   RO         5823    i.USBD_LL_SetupStage  usbd_core.o
    0x08003f70   0x00000020   Code   RO          749    i.USBD_LL_StallEP   usbd_conf.o
    0x08003f90   0x00000012   Code   RO         5824    i.USBD_LL_Suspend   usbd_core.o
    0x08003fa2   0x00000020   Code   RO          752    i.USBD_LL_Transmit  usbd_conf.o
    0x08003fc2   0x00000028   Code   RO         5549    i.USBD_ParseSetupRequest  usbd_ctlreq.o
    0x08003fea   0x00000016   Code   RO         5827    i.USBD_SetClassConfig  usbd_core.o
    0x08004000   0x00000074   Code   RO         5550    i.USBD_SetConfig    usbd_ctlreq.o
    0x08004074   0x000000f2   Code   RO         5551    i.USBD_StdDevReq    usbd_ctlreq.o
    0x08004166   0x000000dc   Code   RO         5552    i.USBD_StdEPReq     usbd_ctlreq.o
    0x08004242   0x00000034   Code   RO         5553    i.USBD_StdItfReq    usbd_ctlreq.o
    0x08004276   0x00000002   PAD
    0x08004278   0x0000000c   Code   RO           10    i.USB_LP_IRQHandler  stm32l1xx_it.o
    0x08004284   0x00000020   Code   RO          307    i.USER_initialize   user_diskio.o
    0x080042a4   0x00000054   Code   RO          308    i.USER_ioctl        user_diskio.o
    0x080042f8   0x00000018   Code   RO          309    i.USER_read         user_diskio.o
    0x08004310   0x00000020   Code   RO          310    i.USER_status       user_diskio.o
    0x08004330   0x00000018   Code   RO          311    i.USER_write        user_diskio.o
    0x08004348   0x00000002   Code   RO           11    i.UsageFault_Handler  stm32l1xx_it.o
    0x0800434a   0x00000002   PAD
    0x0800434c   0x00000020   Code   RO         6277    i.__0printf$1       mc_w.l(printf1.o)
    0x0800436c   0x0000000e   Code   RO         6565    i.__scatterload_copy  mc_w.l(handlers.o)
    0x0800437a   0x00000002   Code   RO         6566    i.__scatterload_null  mc_w.l(handlers.o)
    0x0800437c   0x0000000e   Code   RO         6567    i.__scatterload_zeroinit  mc_w.l(handlers.o)
    0x0800438a   0x00000002   PAD
    0x0800438c   0x00000154   Code   RO         6284    i._printf_core      mc_w.l(printf1.o)
    0x080044e0   0x00000060   Code   RO         5114    i.check_fs          ff.o
    0x08004540   0x0000006c   Code   RO         5115    i.chk_lock          ff.o
    0x080045ac   0x00000024   Code   RO         5116    i.clear_lock        ff.o
    0x080045d0   0x0000002a   Code   RO         5117    i.clmt_clust        ff.o
    0x080045fa   0x0000001e   Code   RO         5118    i.clust2sect        ff.o
    0x08004618   0x000000b0   Code   RO         5119    i.create_chain      ff.o
    0x080046c8   0x00000100   Code   RO         5120    i.create_name       ff.o
    0x080047c8   0x0000003c   Code   RO         5121    i.dec_lock          ff.o
    0x08004804   0x0000011e   Code   RO         5122    i.dir_next          ff.o
    0x08004922   0x00000076   Code   RO         5124    i.dir_register      ff.o
    0x08004998   0x00000098   Code   RO         5126    i.dir_sdi           ff.o
    0x08004a30   0x00000028   Code   RO         5465    i.disk_initialize   diskio.o
    0x08004a58   0x0000001c   Code   RO         5466    i.disk_ioctl        diskio.o
    0x08004a74   0x0000001c   Code   RO         5467    i.disk_read         diskio.o
    0x08004a90   0x00000018   Code   RO         5468    i.disk_status       diskio.o
    0x08004aa8   0x0000001c   Code   RO         5469    i.disk_write        diskio.o
    0x08004ac4   0x0000002a   Code   RO         5128    i.f_close           ff.o
    0x08004aee   0x00000002   PAD
    0x08004af0   0x00000284   Code   RO         5132    i.f_lseek           ff.o
    0x08004d74   0x0000005c   Code   RO         5135    i.f_mount           ff.o
    0x08004dd0   0x000001a0   Code   RO         5136    i.f_open            ff.o
    0x08004f70   0x000001e8   Code   RO         5138    i.f_printf          ff.o
    0x08005158   0x000000b8   Code   RO         5145    i.f_sync            ff.o
    0x08005210   0x000001d6   Code   RO         5149    i.f_write           ff.o
    0x080053e6   0x00000002   PAD
    0x080053e8   0x00000258   Code   RO         5150    i.find_volume       ff.o
    0x08005640   0x000000c0   Code   RO         5151    i.follow_path       ff.o
    0x08005700   0x00000018   Code   RO          381    i.fputc             main.o
    0x08005718   0x00000050   Code   RO         6493    i.free              mc_w.l(malloc.o)
    0x08005768   0x000000c2   Code   RO         5152    i.get_fat           ff.o
    0x0800582a   0x00000004   Code   RO          237    i.get_fattime       fatfs.o
    0x0800582e   0x0000003c   Code   RO         5154    i.get_ldnumber      ff.o
    0x0800586a   0x00000002   PAD
    0x0800586c   0x000000a0   Code   RO         5155    i.inc_lock          ff.o
    0x0800590c   0x00000014   Code   RO         5156    i.ld_clust          ff.o
    0x08005920   0x000000ec   Code   RO          382    i.main              main.o
    0x08005a0c   0x0000000c   Code   RO         1650    i.makeFreeRtosPriority  cmsis_os.o
    0x08005a18   0x0000006c   Code   RO         6494    i.malloc            mc_w.l(malloc.o)
    0x08005a84   0x00000012   Code   RO         5157    i.mem_cpy           ff.o
    0x08005a96   0x0000000e   Code   RO         5158    i.mem_set           ff.o
    0x08005aa4   0x00000036   Code   RO         5159    i.move_window       ff.o
    0x08005ada   0x00000026   Code   RO          383    i.open_append       main.o
    0x08005b00   0x0000000e   Code   RO         1651    i.osDelay           cmsis_os.o
    0x08005b0e   0x0000000a   Code   RO         1654    i.osKernelStart     cmsis_os.o
    0x08005b18   0x00000014   Code   RO         1683    i.osSystickHandler  cmsis_os.o
    0x08005b2c   0x00000038   Code   RO         1684    i.osThreadCreate    cmsis_os.o
    0x08005b64   0x00000034   Code   RO         1037    i.prvAddCurrentTaskToDelayedList  tasks.o
    0x08005b98   0x00000054   Code   RO         1038    i.prvCheckTasksWaitingTermination  tasks.o
    0x08005bec   0x0000004c   Code   RO         1367    i.prvHeapInit       heap_4.o
    0x08005c38   0x00000018   Code   RO         1039    i.prvIdleTask       tasks.o
    0x08005c50   0x0000004c   Code   RO         1368    i.prvInsertBlockIntoFreeList  heap_4.o
    0x08005c9c   0x00000020   Code   RO         1041    i.prvResetNextTaskUnblockTime  tasks.o
    0x08005cbc   0x00000018   Code   RO          967    i.prvTaskExitError  port.o
    0x08005cd4   0x000000f8   Code   RO         5160    i.put_fat           ff.o
    0x08005dcc   0x00000046   Code   RO         5161    i.putc_bfd          ff.o
    0x08005e12   0x00000002   PAD
    0x08005e14   0x000000bc   Code   RO         1369    i.pvPortMalloc      heap_4.o
    0x08005ed0   0x00000020   Code   RO          968    i.pxPortInitialiseStack  port.o
    0x08005ef0   0x0000006e   Code   RO         5162    i.remove_chain      ff.o
    0x08005f5e   0x00000010   Code   RO         5163    i.st_clust          ff.o
    0x08005f6e   0x000000b6   Code   RO         5164    i.sync_fs           ff.o
    0x08006024   0x00000060   Code   RO         5165    i.sync_window       ff.o
    0x08006084   0x00000024   Code   RO         1331    i.uxListRemove      list.o
    0x080060a8   0x00000016   Code   RO         1332    i.vListInitialise   list.o
    0x080060be   0x00000006   Code   RO         1333    i.vListInitialiseItem  list.o
    0x080060c4   0x00000030   Code   RO         1334    i.vListInsert       list.o
    0x080060f4   0x00000018   Code   RO         1335    i.vListInsertEnd    list.o
    0x0800610c   0x00000034   Code   RO          970    i.vPortEnterCritical  port.o
    0x08006140   0x00000024   Code   RO          971    i.vPortExitCritical  port.o
    0x08006164   0x00000048   Code   RO         1370    i.vPortFree         heap_4.o
    0x080061ac   0x00000020   Code   RO          972    i.vPortSetupTimerInterrupt  port.o
    0x080061cc   0x00000018   Code   RO          974    i.vPortYield        port.o
    0x080061e4   0x00000050   Code   RO         1051    i.vTaskDelay        tasks.o
    0x08006234   0x00000054   Code   RO         1063    i.vTaskStartScheduler  tasks.o
    0x08006288   0x00000010   Code   RO         1065    i.vTaskSuspendAll   tasks.o
    0x08006298   0x00000054   Code   RO         1066    i.vTaskSwitchContext  tasks.o
    0x080062ec   0x0000002c   Code   RO         5166    i.validate          ff.o
    0x08006318   0x00000074   Code   RO          975    i.xPortStartScheduler  port.o
    0x0800638c   0x00000024   Code   RO          976    i.xPortSysTickHandler  port.o
    0x080063b0   0x0000018c   Code   RO         1068    i.xTaskGenericCreate  tasks.o
    0x0800653c   0x0000001c   Code   RO         1072    i.xTaskGetSchedulerState  tasks.o
    0x08006558   0x000000c0   Code   RO         1075    i.xTaskIncrementTick  tasks.o
    0x08006618   0x000000ac   Code   RO         1081    i.xTaskResumeAll    tasks.o
    0x080066c4   0x00000014   Data   RO          387    .constdata          main.o
    0x080066d8   0x00000019   Data   RO         1974    .constdata          system_stm32l1xx.o
    0x080066f1   0x00000008   Data   RO         1975    .constdata          system_stm32l1xx.o
    0x080066f9   0x00000001   PAD
    0x080066fa   0x000000ac   Data   RO         5168    .constdata          ff.o
    0x080067a6   0x00000002   PAD
    0x080067a8   0x00000005   Data   RO         6042    .constdata          stm32_adafruit_sd.o
    0x080067ad   0x00000003   PAD
    0x080067b0   0x0000000c   Data   RO          388    .conststring        main.o
    0x080067bc   0x00000020   Data   RO         6563    Region$$Table       anon$$obj.o


    Execution Region RW_IRAM1 (Base: 0x20000000, Size: 0x000031f8, Max: 0x00004000, ABSOLUTE)

    Base Addr    Size         Type   Attr      Idx    E Section Name        Object

    0x20000000   0x00000005   Data   RW          238    .data               fatfs.o
    0x20000005   0x00000001   Data   RW          312    .data               user_diskio.o
    0x20000006   0x00000002   PAD
    0x20000008   0x00000014   Data   RW          313    .data               user_diskio.o
    0x2000001c   0x00000008   Data   RW          389    .data               main.o
    0x20000024   0x0000000c   Data   RW          977    .data               port.o
    0x20000030   0x00000038   Data   RW         1084    .data               tasks.o
    0x20000068   0x00000018   Data   RW         1375    .data               heap_4.o
    0x20000080   0x00000004   Data   RW         1976    .data               system_stm32l1xx.o
    0x20000084   0x00000004   Data   RW         2669    .data               stm32l1xx_hal.o
    0x20000088   0x00000008   Data   RW         5169    .data               ff.o
    0x20000090   0x00000001   Data   RW         5554    .data               usbd_ctlreq.o
    0x20000091   0x00000001   PAD
    0x20000092   0x00000004   Data   RW         6043    .data               stm32_adafruit_sd.o
    0x20000096   0x00000002   PAD
    0x20000098   0x00000008   Data   RW         6127    .data               stm32l1xx_nucleo.o
    0x200000a0   0x00000004   Data   RW         6535    .data               mc_w.l(stdout.o)
    0x200000a4   0x00000004   Data   RW         6540    .data               mc_w.l(mvars.o)
    0x200000a8   0x00000004   Data   RW         6541    .data               mc_w.l(mvars.o)
    0x200000ac   0x00000150   Zero   RW          384    .bss                main.o
    0x200001fc   0x00000490   Zero   RW          755    .bss                usbd_conf.o
    0x2000068c   0x000000f0   Zero   RW         1083    .bss                tasks.o
    0x2000077c   0x00000c00   Zero   RW         1374    .bss                heap_4.o
    0x2000137c   0x0000000c   Zero   RW         5068    .bss                ff_gen_drv.o
    0x20001388   0x00000018   Zero   RW         5167    .bss                ff.o
    0x200013a0   0x00000058   Zero   RW         6125    .bss                stm32l1xx_nucleo.o
    0x200013f8   0x00000400   Zero   RW         5054    HEAP                startup_stm32l151xb.o
    0x200017f8   0x00001a00   Zero   RW         5053    STACK               startup_stm32l151xb.o


==============================================================================

Image component sizes


      Code (inc. data)   RO Data    RW Data    ZI Data      Debug   Object Name

       112          0          0          0          0       7500   cmsis_os.o
       148         22          0          0          0       3145   diskio.o
        32         10          0          5          0       6074   fatfs.o
      5774         70        172          8         24      29723   ff.o
        70          4          0          0         12       1375   ff_gen_drv.o
       412         24          0         24       3072       3875   heap_4.o
       136          0          0          0          0       3090   list.o
       814        160         32          8        336      13727   main.o
       514         66          0         12          0       7621   port.o
        36          8        244          0       7680        752   startup_stm32l151xb.o
      2026         40          5          4          0      10564   stm32_adafruit_sd.o
       112         18          0          4          0       3459   stm32l1xx_hal.o
       740         34          0          0          0       2291   stm32l1xx_hal_adc.o
       196         14          0          0          0      26908   stm32l1xx_hal_cortex.o
       694         60          0          0          0       2866   stm32l1xx_hal_gpio.o
       524         72          0          0          0       4642   stm32l1xx_hal_msp.o
      3094          0          0          0          0       8980   stm32l1xx_hal_pcd.o
        16          6          0          0          0        524   stm32l1xx_hal_pwr_ex.o
      2708        110          0          0          0       6680   stm32l1xx_hal_rcc.o
       360         12          0          0          0       1340   stm32l1xx_hal_rcc_ex.o
       214          6          0          0          0       1883   stm32l1xx_hal_rtc.o
       894          0          0          0          0       3518   stm32l1xx_hal_spi.o
       122          0          0          0          0        999   stm32l1xx_hal_spi_ex.o
       434         22          0          0          0       5381   stm32l1xx_hal_tim.o
        80          0          0          0          0       1068   stm32l1xx_hal_tim_ex.o
      1116          6          0          0          0       3476   stm32l1xx_hal_uart.o
        38          6          0          0          0     438391   stm32l1xx_it.o
       424         44          0          8         88       5834   stm32l1xx_nucleo.o
        80         18         33          4          0       1143   system_stm32l1xx.o
      1244         92          0         56        240      13534   tasks.o
       360          6          0          0       1168       8112   usbd_conf.o
       524          0          0          0          0       6378   usbd_core.o
       916         30          0          1          0       5699   usbd_ctlreq.o
       102          0          0          0          0       3288   usbd_ioreq.o
       196         18          0         21          0       5236   user_diskio.o

    ----------------------------------------------------------------------
     25300        978        524        160      12620     649076   Object Totals
         0          0         32          0          0          0   (incl. Generated)
        38          0          6          5          0          0   (incl. Padding)

    ----------------------------------------------------------------------

      Code (inc. data)   RO Data    RW Data    ZI Data      Debug   Library Member Name

         0          0          0          0          0          0   entry.o
         0          0          0          0          0          0   entry10a.o
         0          0          0          0          0          0   entry11a.o
         8          4          0          0          0          0   entry2.o
         4          0          0          0          0          0   entry5.o
         0          0          0          0          0          0   entry7b.o
         0          0          0          0          0          0   entry8b.o
         8          4          0          0          0          0   entry9a.o
        30          0          0          0          0          0   handlers.o
        36          8          0          0          0         68   init.o
       188         20          0          0          0        160   malloc.o
        36          0          0          0          0         68   memcpya.o
        36          0          0          0          0        108   memseta.o
         0          0          0          8          0          0   mvars.o
       372         14          0          0          0        184   printf1.o
         0          0          0          4          0          0   stdout.o
        44          0          0          0          0         80   uidiv.o

    ----------------------------------------------------------------------
       764         50          0         12          0        668   Library Totals
         2          0          0          0          0          0   (incl. Padding)

    ----------------------------------------------------------------------

      Code (inc. data)   RO Data    RW Data    ZI Data      Debug   Library Name

       762         50          0         12          0        668   mc_w.l

    ----------------------------------------------------------------------
       764         50          0         12          0        668   Library Totals

    ----------------------------------------------------------------------

==============================================================================


      Code (inc. data)   RO Data    RW Data    ZI Data      Debug   

     26064       1028        524        172      12620     638664   Grand Totals
     26064       1028        524        172      12620     638664   ELF Image Totals
     26064       1028        524        172          0          0   ROM Totals

==============================================================================

    Total RO  Size (Code + RO Data)                26588 (  25.96kB)
    Total RW  Size (RW Data + ZI Data)             12792 (  12.49kB)
    Total ROM Size (Code + RO Data + RW Data)      26760 (  26.13kB)

==============================================================================

