<html>
<body>
<pre>
<h1>µVision Build Log</h1>
<h2>Project:</h2>
D:\Documents\v1000_new\v1000_git\MDK-ARM\v1000_test.uvprojx
Project File Date:  03/17/2017

<h2>Output:</h2>
Build target 'v1000_test'
compiling stm32_adafruit_sd.c...
linking...
Program Size: Code=26064 RO-data=524 RW-data=172 ZI-data=12620  
"v1000_test\v1000_test.axf" - 0 Error(s), 0 Warning(s).

<h2>Software Packages used:</h2>

Package Vendor: ARM
                http://www.keil.com/pack/ARM.CMSIS.4.1.0.pack
                ARM::CMSIS:CORE:3.30.0
                CMSIS (Cortex Microcontroller Software Interface Standard)
   * Component: CORE Version: 3.30.0

<h2>Collection of Component include folders:</h2>
  D:\Documents\v1000_new\v1000_git\MDK-ARM\RTE
  C:\Keil_v5\ARM\PACK\ARM\CMSIS\4.1.0\CMSIS\Include

<h2>Collection of Component Files used:</h2>

   * Component: ARM::CMSIS:CORE:3.30.0
      Source file:   CMSIS\UserCodeTemplates\ARM\ITM_Retarget.c
Load "v1000_test\\v1000_test.axf" 
Erase Done.
Programming Done.
Verify OK.
</pre>
</body>
</html>
SIS\4.1.0\CMSIS\Include

<h2>Collection of Component Files used:</h2>

   * Component: ARM::CMSIS:CORE:3.30.0
      Source file:   CMSIS\UserCodeTemplates\ARM\ITM_Retarget.c
Load "v1000_test\\v1000_test.axf" 
Erase Done.
Programming Done.
Verify OK.
tm32l1xx_hal.c...
compiling stm32l1xx_hal_gpio.c...
compiling stm32l1xx_hal_flash_ex.c...
compiling stm32l1xx_hal_rcc.c...
compiling stm32l1xx_hal_tim.c...
compiling stm32l1xx_hal_spi.c...
compiling stm32l1xx_hal_spi_ex.c...
compiling stm32l1xx_hal_uart.c...
compiling stm32l1xx_hal_pcd_ex.c...
compiling stm32l1xx_hal_adc.c...
compiling stm32l1xx_hal_rtc_ex.c...
compiling stm32l1xx_hal_tim_ex.c...
compiling stm32l1xx_hal_rtc.c...
compiling stm32l1xx_hal_pcd.c...
compiling stm32l1xx_hal_adc_ex.c...
assembling startup_stm32l151xb.s...
compiling ff_gen_drv.c...
compiling ff.c...
compiling syscall.c...
compiling diskio.c...
compiling usbd_msc_data.c...
compiling usbd_ctlreq.c...
compiling usbd_msc_scsi.c...
compiling usbd_ioreq.c...
compiling usbd_msc_bot.c...
compiling usbd_core.c...
compiling usbd_msc.c...
compiling stm32_adafruit_sd.c...
compiling stm32l1xx_nucleo.c...
..\Drivers\BSP\STM32L1xx_Nucleo\stm32l1xx_nucleo.c(370): warning:  #177-D: function "SPIx_Write" was declared but never referenced
  static void SPIx_Write(uint8_t Value)
..\Drivers\BSP\STM32L1xx_Nucleo\stm32l1xx_nucleo.c: 1 warning, 0 errors
linking...
Program Size: Code=30084 RO-data=584 RW-data=420 ZI-data=13684  
"v1000_test\v1000_test.axf" - 0 Error(s), 3 Warning(s).

<h2>Software Packages used:</h2>

Package Vendor: ARM
                http://www.keil.com/pack/ARM.CMSIS.4.1.0.pack
                ARM::CMSIS:CORE:3.30.0
                CMSIS (Cortex Microcontroller Software Interface Standard)
   * Component: CORE Version: 3.30.0

<h2>Collection of Component include folders:</h2>
  D:\Documents\v1000_new\v1000_git\MDK-ARM\RTE
  C:\Keil_v5\ARM\PACK\ARM\CMSIS\4.1.0\CMSIS\Include

<h2>Collection of Component Files used:</h2>

   * Component: ARM::CMSIS:CORE:3.30.0
      Source file:   CMSIS\UserCodeTemplates\ARM\ITM_Retarget.c
Load "v1000_test\\v1000_test.axf" 
Erase Done.
Programming Done.
Verify OK.
